Archive member included to satisfy reference by file (symbol)

/home/andrew/.pico-sdk/toolchain/13_2_Rel1/bin/../lib/gcc/arm-none-eabi/13.2.1/thumb/v6-m/nofp/libgcc.a(_dvmd_tls.o)
                              CMakeFiles/myproject.dir/home/andrew/.pico-sdk/sdk/2.0.0/src/rp2_common/pico_divider/divider_hardware.S.obj (__aeabi_idiv0)
/home/andrew/.pico-sdk/toolchain/13_2_Rel1/bin/../lib/gcc/arm-none-eabi/13.2.1/../../../../arm-none-eabi/lib/thumb/v6-m/nofp/libg.a(libc_a-strncmp.o)
                              CMakeFiles/myproject.dir/home/andrew/.pico-sdk/sdk/2.0.0/lib/cyw43-driver/src/cyw43_ll.c.obj (strncmp)
/home/andrew/.pico-sdk/toolchain/13_2_Rel1/bin/../lib/gcc/arm-none-eabi/13.2.1/../../../../arm-none-eabi/lib/thumb/v6-m/nofp/libg.a(libc_a-lcltime_r.o)
                              CMakeFiles/myproject.dir/home/andrew/.pico-sdk/sdk/2.0.0/src/common/pico_util/datetime.c.obj (localtime_r)
/home/andrew/.pico-sdk/toolchain/13_2_Rel1/bin/../lib/gcc/arm-none-eabi/13.2.1/../../../../arm-none-eabi/lib/thumb/v6-m/nofp/libg.a(libc_a-mktime.o)
                              CMakeFiles/myproject.dir/home/andrew/.pico-sdk/sdk/2.0.0/src/common/pico_util/datetime.c.obj (mktime)
/home/andrew/.pico-sdk/toolchain/13_2_Rel1/bin/../lib/gcc/arm-none-eabi/13.2.1/../../../../arm-none-eabi/lib/thumb/v6-m/nofp/libg.a(libc_a-month_lengths.o)
                              /home/andrew/.pico-sdk/toolchain/13_2_Rel1/bin/../lib/gcc/arm-none-eabi/13.2.1/../../../../arm-none-eabi/lib/thumb/v6-m/nofp/libg.a(libc_a-lcltime_r.o) (__month_lengths)
/home/andrew/.pico-sdk/toolchain/13_2_Rel1/bin/../lib/gcc/arm-none-eabi/13.2.1/../../../../arm-none-eabi/lib/thumb/v6-m/nofp/libg.a(libc_a-tzcalc_limits.o)
                              /home/andrew/.pico-sdk/toolchain/13_2_Rel1/bin/../lib/gcc/arm-none-eabi/13.2.1/../../../../arm-none-eabi/lib/thumb/v6-m/nofp/libg.a(libc_a-lcltime_r.o) (__tzcalc_limits)
/home/andrew/.pico-sdk/toolchain/13_2_Rel1/bin/../lib/gcc/arm-none-eabi/13.2.1/../../../../arm-none-eabi/lib/thumb/v6-m/nofp/libg.a(libc_a-tzlock.o)
                              /home/andrew/.pico-sdk/toolchain/13_2_Rel1/bin/../lib/gcc/arm-none-eabi/13.2.1/../../../../arm-none-eabi/lib/thumb/v6-m/nofp/libg.a(libc_a-lcltime_r.o) (__tz_lock)
/home/andrew/.pico-sdk/toolchain/13_2_Rel1/bin/../lib/gcc/arm-none-eabi/13.2.1/../../../../arm-none-eabi/lib/thumb/v6-m/nofp/libg.a(libc_a-malloc.o)
                              CMakeFiles/myproject.dir/home/andrew/.pico-sdk/sdk/2.0.0/src/rp2_common/pico_malloc/malloc.c.obj (malloc)
/home/andrew/.pico-sdk/toolchain/13_2_Rel1/bin/../lib/gcc/arm-none-eabi/13.2.1/../../../../arm-none-eabi/lib/thumb/v6-m/nofp/libg.a(libc_a-mallocr.o)
                              /home/andrew/.pico-sdk/toolchain/13_2_Rel1/bin/../lib/gcc/arm-none-eabi/13.2.1/../../../../arm-none-eabi/lib/thumb/v6-m/nofp/libg.a(libc_a-malloc.o) (_malloc_r)
/home/andrew/.pico-sdk/toolchain/13_2_Rel1/bin/../lib/gcc/arm-none-eabi/13.2.1/../../../../arm-none-eabi/lib/thumb/v6-m/nofp/libg.a(libc_a-memcmp.o)
                              CMakeFiles/myproject.dir/home/andrew/.pico-sdk/sdk/2.0.0/src/rp2_common/pico_atomic/atomic.c.obj (memcmp)
/home/andrew/.pico-sdk/toolchain/13_2_Rel1/bin/../lib/gcc/arm-none-eabi/13.2.1/../../../../arm-none-eabi/lib/thumb/v6-m/nofp/libg.a(libc_a-memmove.o)
                              CMakeFiles/myproject.dir/home/andrew/.pico-sdk/sdk/2.0.0/lib/cyw43-driver/src/cyw43_ll.c.obj (memmove)
/home/andrew/.pico-sdk/toolchain/13_2_Rel1/bin/../lib/gcc/arm-none-eabi/13.2.1/../../../../arm-none-eabi/lib/thumb/v6-m/nofp/libg.a(libc_a-tzset.o)
                              /home/andrew/.pico-sdk/toolchain/13_2_Rel1/bin/../lib/gcc/arm-none-eabi/13.2.1/../../../../arm-none-eabi/lib/thumb/v6-m/nofp/libg.a(libc_a-lcltime_r.o) (_tzset_unlocked)
/home/andrew/.pico-sdk/toolchain/13_2_Rel1/bin/../lib/gcc/arm-none-eabi/13.2.1/../../../../arm-none-eabi/lib/thumb/v6-m/nofp/libg.a(libc_a-tzset_r.o)
                              /home/andrew/.pico-sdk/toolchain/13_2_Rel1/bin/../lib/gcc/arm-none-eabi/13.2.1/../../../../arm-none-eabi/lib/thumb/v6-m/nofp/libg.a(libc_a-tzset.o) (_tzset_unlocked_r)
/home/andrew/.pico-sdk/toolchain/13_2_Rel1/bin/../lib/gcc/arm-none-eabi/13.2.1/../../../../arm-none-eabi/lib/thumb/v6-m/nofp/libg.a(libc_a-init.o)
                              /home/andrew/.pico-sdk/toolchain/13_2_Rel1/bin/../lib/gcc/arm-none-eabi/13.2.1/../../../../arm-none-eabi/lib/thumb/v6-m/nofp/crt0.o (__libc_init_array)
/home/andrew/.pico-sdk/toolchain/13_2_Rel1/bin/../lib/gcc/arm-none-eabi/13.2.1/../../../../arm-none-eabi/lib/thumb/v6-m/nofp/libg.a(libc_a-tzvars.o)
                              /home/andrew/.pico-sdk/toolchain/13_2_Rel1/bin/../lib/gcc/arm-none-eabi/13.2.1/../../../../arm-none-eabi/lib/thumb/v6-m/nofp/libg.a(libc_a-tzset_r.o) (_timezone)
/home/andrew/.pico-sdk/toolchain/13_2_Rel1/bin/../lib/gcc/arm-none-eabi/13.2.1/../../../../arm-none-eabi/lib/thumb/v6-m/nofp/libg.a(libc_a-lock.o)
[...]
Memory Configuration

Name             Origin             Length             Attributes
FLASH            0x10000000         0x00200000         xr
RAM              0x20000000         0x00040000         xrw
SCRATCH_X        0x20040000         0x00001000         xrw
SCRATCH_Y        0x20041000         0x00001000         xrw
*default*        0x00000000         0xffffffff

Linker script and memory map

LOAD /home/andrew/.pico-sdk/toolchain/13_2_Rel1/bin/../lib/gcc/arm-none-eabi/13.2.1/thumb/v6-m/nofp/crti.o
LOAD /home/andrew/.pico-sdk/toolchain/13_2_Rel1/bin/../lib/gcc/arm-none-eabi/13.2.1/thumb/v6-m/nofp/crtbegin.o
LOAD /home/andrew/.pico-sdk/toolchain/13_2_Rel1/bin/../lib/gcc/arm-none-eabi/13.2.1/../../../../arm-none-eabi/lib/thumb/v6-m/nofp/crt0.o

.flash_begin    0x10000000        0x0
                0x10000000                        __flash_binary_start = .

.boot2          0x10000000      0x100
                0x10000000                        __boot2_start__ = .
 *(.boot2)
 .boot2         0x10000000      0x100 /tmp/cc9f21NJ.o
                0x10000100                        __boot2_end__ = .
                0x00000001                        ASSERT (((__boot2_end__ - __boot2_start__) == 0x100), ERROR: Pico second stage bootloader must be 256 bytes in size)

.text           0x10000100     0xcc70
                0x10000100                        __logical_binary_start = .
 *(.vectors)
 .vectors       0x10000100       0xd4 CMakeFiles/myproject.dir/home/andrew/.pico-sdk/sdk/2.0.0/src/rp2_common/pico_crt0/crt0.S.obj
                0x10000100                __vectors
                0x10000100                __VECTOR_TABLE
                0x100001c0                isr_invalid
                0x100001c0                __default_isrs_start
                0x100001c2                isr_nmi
                0x100001c4                isr_hardfault
                0x100001c6                isr_svcall
                0x100001c8                isr_pendsv
                0x100001ca                isr_systick
                0x100001cc                isr_irq30
                0x100001cc                __unhandled_user_irq
                0x100001cc                isr_irq13
                0x100001cc                isr_irq27
                0x100001cc                isr_irq31
                0x100001cc                isr_irq5
                0x100001cc                isr_irq11
                0x100001cc                isr_irq23
                0x100001cc                isr_irq18
                0x100001cc                isr_irq28
                0x100001cc                isr_irq19
                0x100001cc                isr_irq0
                0x100001cc                isr_irq6
                0x100001cc                isr_irq22
                0x100001cc                isr_irq17
                0x100001cc                isr_irq14
                0x100001cc                isr_irq2
                0x100001cc                isr_irq10
                0x100001cc                isr_irq8
                0x100001cc                isr_irq24
                0x100001cc                isr_irq1
                0x100001cc                isr_irq7
                0x100001cc                isr_irq21
                0x100001cc                isr_irq20
                0x100001cc                isr_irq15
                0x100001cc                isr_irq25
                0x100001cc                isr_irq4
                0x100001cc                isr_irq16
                0x100001cc                isr_irq29
                0x100001cc                isr_irq26
                0x100001cc                __default_isrs_end
                0x100001cc                isr_irq3
                0x100001cc                isr_irq12
                0x100001cc                isr_irq9
                0x100001d2                unhandled_user_irq_num_in_r0
 *(.binary_info_header)
 .binary_info_header
                0x100001d4       0x14 CMakeFiles/myproject.dir/home/andrew/.pico-sdk/sdk/2.0.0/src/rp2_common/pico_crt0/crt0.S.obj
                0x100001e8                        __binary_info_header_end = .
 *(.embedded_block)
                0x100001e8                        __embedded_block_end = .
 *(.reset)
 .reset         0x100001e8       0x9c CMakeFiles/myproject.dir/home/andrew/.pico-sdk/sdk/2.0.0/src/rp2_common/pico_crt0/crt0.S.obj
                0x100001e8                _entry_point
 *(.init)
 .init          0x10000284        0x4 /home/andrew/.pico-sdk/toolchain/13_2_Rel1/bin/../lib/gcc/arm-none-eabi/13.2.1/thumb/v6-m/nofp/crti.o
                0x10000284                _init
 *(EXCLUDE_FILE(*libm.a: *libc.a:*lib_a-mem*.o *libgcc.a:) .text*)
 .text.register_tm_clones
                0x10000288       0x28 /home/andrew/.pico-sdk/toolchain/13_2_Rel1/bin/../lib/gcc/arm-none-eabi/13.2.1/thumb/v6-m/nofp/crtbegin.o
 .text.frame_dummy
                0x100002b0       0x24 /home/andrew/.pico-sdk/toolchain/13_2_Rel1/bin/../lib/gcc/arm-none-eabi/13.2.1/thumb/v6-m/nofp/crtbegin.o
 .text.blink_task
                0x100002d4       0x70 CMakeFiles/myproject.dir/src/hello_freertos.c.obj
                0x100002d4                blink_task
 .text.main_task
                0x10000344       0x64 CMakeFiles/myproject.dir/src/hello_freertos.c.obj
                0x10000344                main_task
 .text.main     0x100003a8       0x30 CMakeFiles/myproject.dir/src/hello_freertos.c.obj
                0x100003a8                main
 .text.gpio_set_function
                0x100003d8       0x34 CMakeFiles/myproject.dir/home/andrew/.pico-sdk/sdk/2.0.0/src/rp2_common/hardware_gpio/gpio.c.obj
                0x100003d8                gpio_set_function
 .text.gpio_set_pulls
                0x1000040c       0x38 CMakeFiles/myproject.dir/home/andrew/.pico-sdk/sdk/2.0.0/src/rp2_common/hardware_gpio/gpio.c.obj
                0x1000040c                gpio_set_pulls
 .text.gpio_set_input_hysteresis_enabled
                0x10000444       0x28 CMakeFiles/myproject.dir/home/andrew/.pico-sdk/sdk/2.0.0/src/rp2_common/hardware_gpio/gpio.c.obj
                0x10000444                gpio_set_input_hysteresis_enabled
 .text.gpio_add_raw_irq_handler_with_order_priority_masked
                0x1000046c       0x40 CMakeFiles/myproject.dir/home/andrew/.pico-sdk/sdk/2.0.0/src/rp2_common/hardware_gpio/gpio.c.obj
                0x1000046c                gpio_add_raw_irq_handler_with_order_priority_masked
 .text.gpio_remove_raw_irq_handler_masked
                0x100004ac       0x48 CMakeFiles/myproject.dir/home/andrew/.pico-sdk/sdk/2.0.0/src/rp2_common/hardware_gpio/gpio.c.obj
                0x100004ac                gpio_remove_raw_irq_handler_masked
 .text.gpio_acknowledge_irq
                0x100004f4       0x18 CMakeFiles/myproject.dir/home/andrew/.pico-sdk/sdk/2.0.0/src/rp2_common/hardware_gpio/gpio.c.obj
                0x100004f4                gpio_acknowledge_irq
 .text._gpio_set_irq_enabled
                0x1000050c       0x38 CMakeFiles/myproject.dir/home/andrew/.pico-sdk/sdk/2.0.0/src/rp2_common/hardware_gpio/gpio.c.obj
 .text.gpio_set_irq_enabled
                0x10000544       0x64 CMakeFiles/myproject.dir/home/andrew/.pico-sdk/sdk/2.0.0/src/rp2_common/hardware_gpio/gpio.c.obj
                0x10000544                gpio_set_irq_enabled
 .text.gpio_init
                0x100005a8       0x16 CMakeFiles/myproject.dir/home/andrew/.pico-sdk/sdk/2.0.0/src/rp2_common/hardware_gpio/gpio.c.obj
                0x100005a8                gpio_init
 *fill*         0x100005be        0x2 
 .text.rp2040_chip_version
                0x100005c0       0x54 CMakeFiles/myproject.dir/home/andrew/.pico-sdk/sdk/2.0.0/src/rp2040/pico_platform/platform.c.obj
                0x100005c0                rp2040_chip_version
 .text.panic    0x10000614       0x30 CMakeFiles/myproject.dir/home/andrew/.pico-sdk/sdk/2.0.0/src/rp2_common/pico_platform_panic/panic.c.obj
                0x10000614                panic
 .text.panic_unsupported
                0x10000644        0xc CMakeFiles/myproject.dir/home/andrew/.pico-sdk/sdk/2.0.0/src/rp2_common/pico_platform_panic/panic.c.obj
                0x10000644                panic_unsupported
 .text.hw_claim_lock
                0x10000650       0x18 CMakeFiles/myproject.dir/home/andrew/.pico-sdk/sdk/2.0.0/src/common/hardware_claim/claim.c.obj
                0x10000650                hw_claim_lock
 .text.hw_claim_unlock
                0x10000668       0x14 CMakeFiles/myproject.dir/home/andrew/.pico-sdk/sdk/2.0.0/src/common/hardware_claim/claim.c.obj
                0x10000668                hw_claim_unlock
 .text.hw_claim_or_assert
                0x1000067c       0x32 CMakeFiles/myproject.dir/home/andrew/.pico-sdk/sdk/2.0.0/src/common/hardware_claim/claim.c.obj
                0x1000067c                hw_claim_or_assert
 .text.hw_claim_unused_from_range
                0x100006ae       0x50 CMakeFiles/myproject.dir/home/andrew/.pico-sdk/sdk/2.0.0/src/common/hardware_claim/claim.c.obj
                0x100006ae                hw_claim_unused_from_range
 *fill*         0x100006fe        0x2 
 .text.hw_claim_clear
                0x10000700       0x40 CMakeFiles/myproject.dir/home/andrew/.pico-sdk/sdk/2.0.0/src/common/hardware_claim/claim.c.obj
                0x10000700                hw_claim_clear
 .text.next_striped_spin_lock_num
                0x10000740       0x1c CMakeFiles/myproject.dir/home/andrew/.pico-sdk/sdk/2.0.0/src/rp2_common/hardware_sync/sync.c.obj
                0x10000740                next_striped_spin_lock_num
 .text.spin_lock_claim_unused
                0x1000075c       0x24 CMakeFiles/myproject.dir/home/andrew/.pico-sdk/sdk/2.0.0/src/rp2_common/hardware_sync/sync.c.obj
                0x1000075c                spin_lock_claim_unused
 .text.spin_locks_reset
                0x10000780       0x20 CMakeFiles/myproject.dir/home/andrew/.pico-sdk/sdk/2.0.0/src/rp2_common/hardware_sync_spin_lock/sync_spin_lock.c.obj
                0x10000780                spin_locks_reset
 .text.set_raw_irq_handler_and_unlock
                0x100007a0       0x28 CMakeFiles/myproject.dir/home/andrew/.pico-sdk/sdk/2.0.0/src/rp2_common/hardware_irq/irq.c.obj
 .text.nvic_ipr0
                0x100007c8        0x8 CMakeFiles/myproject.dir/home/andrew/.pico-sdk/sdk/2.0.0/src/rp2_common/hardware_irq/irq.c.obj
 .text.runtime_init_per_core_irq_priorities
                0x100007d0       0x1c CMakeFiles/myproject.dir/home/andrew/.pico-sdk/sdk/2.0.0/src/rp2_common/hardware_irq/irq.c.obj
                0x100007d0                runtime_init_per_core_irq_priorities
 .text.get_user_irq_claim_index
                0x100007ec        0x6 CMakeFiles/myproject.dir/home/andrew/.pico-sdk/sdk/2.0.0/src/rp2_common/hardware_irq/irq.c.obj
 *fill*         0x100007f2        0x2 
 .text.resolve_j_16
                0x100007f4       0x30 CMakeFiles/myproject.dir/home/andrew/.pico-sdk/sdk/2.0.0/src/rp2_common/hardware_irq/irq.c.obj
 .text.make_j_16
                0x10000824       0x48 CMakeFiles/myproject.dir/home/andrew/.pico-sdk/sdk/2.0.0/src/rp2_common/hardware_irq/irq.c.obj
 .text.insert_bl_32
                0x1000086c       0x40 CMakeFiles/myproject.dir/home/andrew/.pico-sdk/sdk/2.0.0/src/rp2_common/hardware_irq/irq.c.obj
 .text.irq_is_enabled
                0x100008ac       0x18 CMakeFiles/myproject.dir/home/andrew/.pico-sdk/sdk/2.0.0/src/rp2_common/hardware_irq/irq.c.obj
                0x100008ac                irq_is_enabled
 .text.irq_set_mask_n_enabled
                0x100008c4       0x1c CMakeFiles/myproject.dir/home/andrew/.pico-sdk/sdk/2.0.0/src/rp2_common/hardware_irq/irq.c.obj
                0x100008c4                irq_set_mask_n_enabled
 .text.irq_set_enabled
                0x100008e0       0x14 CMakeFiles/myproject.dir/home/andrew/.pico-sdk/sdk/2.0.0/src/rp2_common/hardware_irq/irq.c.obj
                0x100008e0                irq_set_enabled
 .text.irq_set_pending
                0x100008f4       0x10 CMakeFiles/myproject.dir/home/andrew/.pico-sdk/sdk/2.0.0/src/rp2_common/hardware_irq/irq.c.obj
                0x100008f4                irq_set_pending
 .text.irq_get_vtable_handler
                0x10000904       0x10 CMakeFiles/myproject.dir/home/andrew/.pico-sdk/sdk/2.0.0/src/rp2_common/hardware_irq/irq.c.obj
                0x10000904                irq_get_vtable_handler
 .text.irq_has_shared_handler
                0x10000914       0x24 CMakeFiles/myproject.dir/home/andrew/.pico-sdk/sdk/2.0.0/src/rp2_common/hardware_irq/irq.c.obj
                0x10000914                irq_has_shared_handler
 .text.irq_set_exclusive_handler
                0x10000938       0x54 CMakeFiles/myproject.dir/home/andrew/.pico-sdk/sdk/2.0.0/src/rp2_common/hardware_irq/irq.c.obj
                0x10000938                irq_set_exclusive_handler
 .text.irq_add_shared_handler
                0x1000098c      0x218 CMakeFiles/myproject.dir/home/andrew/.pico-sdk/sdk/2.0.0/src/rp2_common/hardware_irq/irq.c.obj
                0x1000098c                irq_add_shared_handler
 .text.irq_remove_handler
                0x10000ba4      0x18c CMakeFiles/myproject.dir/home/andrew/.pico-sdk/sdk/2.0.0/src/rp2_common/hardware_irq/irq.c.obj
                0x10000ba4                irq_remove_handler
 .text.irq_set_priority
                0x10000d30       0x26 CMakeFiles/myproject.dir/home/andrew/.pico-sdk/sdk/2.0.0/src/rp2_common/hardware_irq/irq.c.obj
                0x10000d30                irq_set_priority
 *fill*         0x10000d56        0x2 
 .text.irq_add_tail_to_free_list
                0x10000d58       0xf4 CMakeFiles/myproject.dir/home/andrew/.pico-sdk/sdk/2.0.0/src/rp2_common/hardware_irq/irq.c.obj
                0x10000d58                irq_add_tail_to_free_list
 .text.user_irq_unclaim
                0x10000e4c       0x18 CMakeFiles/myproject.dir/home/andrew/.pico-sdk/sdk/2.0.0/src/rp2_common/hardware_irq/irq.c.obj
                0x10000e4c                user_irq_unclaim
 .text.user_irq_claim_unused
                0x10000e64       0x2c CMakeFiles/myproject.dir/home/andrew/.pico-sdk/sdk/2.0.0/src/rp2_common/hardware_irq/irq.c.obj
                0x10000e64                user_irq_claim_unused
 .text.sem_init
                0x10000e90       0x1e CMakeFiles/myproject.dir/home/andrew/.pico-sdk/sdk/2.0.0/src/common/pico_sync/sem.c.obj
                0x10000e90                sem_init
 *fill*         0x10000eae        0x2 
 .text.lock_init
                0x10000eb0       0x10 CMakeFiles/myproject.dir/home/andrew/.pico-sdk/sdk/2.0.0/src/common/pico_sync/lock_core.c.obj
                0x10000eb0                lock_init
 .text.mutex_init
                0x10000ec0       0x1c CMakeFiles/myproject.dir/home/andrew/.pico-sdk/sdk/2.0.0/src/common/pico_sync/mutex.c.obj
                0x10000ec0                mutex_init
 .text.recursive_mutex_init
                0x10000edc       0x20 CMakeFiles/myproject.dir/home/andrew/.pico-sdk/sdk/2.0.0/src/common/pico_sync/mutex.c.obj
                0x10000edc                recursive_mutex_init
 .text.runtime_init_mutex
                0x10000efc       0x4c CMakeFiles/myproject.dir/home/andrew/.pico-sdk/sdk/2.0.0/src/common/pico_sync/mutex.c.obj
                0x10000efc                runtime_init_mutex
 .text.critical_section_init_with_lock_num
                0x10000f48       0x14 CMakeFiles/myproject.dir/home/andrew/.pico-sdk/sdk/2.0.0/src/common/pico_sync/critical_section.c.obj
                0x10000f48                critical_section_init_with_lock_num
 .text.critical_section_init
                0x10000f5c       0x14 CMakeFiles/myproject.dir/home/andrew/.pico-sdk/sdk/2.0.0/src/common/pico_sync/critical_section.c.obj
                0x10000f5c                critical_section_init
 .text.make_alarm_id
                0x10000f70        0x6 CMakeFiles/myproject.dir/home/andrew/.pico-sdk/sdk/2.0.0/src/common/pico_time/time.c.obj
 *fill*         0x10000f76        0x2 
 .text.alarm_pool_irq_handler
                0x10000f78      0x2e0 CMakeFiles/myproject.dir/home/andrew/.pico-sdk/sdk/2.0.0/src/common/pico_time/time.c.obj
 .text.ta_enable_irq_handler
                0x10001258       0x2c CMakeFiles/myproject.dir/home/andrew/.pico-sdk/sdk/2.0.0/src/common/pico_time/time.c.obj
 .text.alarm_pool_post_alloc_init
                0x10001284       0x78 CMakeFiles/myproject.dir/home/andrew/.pico-sdk/sdk/2.0.0/src/common/pico_time/time.c.obj
 .text.ta_disable_irq_handler
                0x100012fc       0x30 CMakeFiles/myproject.dir/home/andrew/.pico-sdk/sdk/2.0.0/src/common/pico_time/time.c.obj
 .text.sleep_until_callback
                0x1000132c       0x28 CMakeFiles/myproject.dir/home/andrew/.pico-sdk/sdk/2.0.0/src/common/pico_time/time.c.obj
 .text.alarm_pool_get_default
                0x10001354       0x2c CMakeFiles/myproject.dir/home/andrew/.pico-sdk/sdk/2.0.0/src/common/pico_time/time.c.obj
                0x10001354                alarm_pool_get_default
 .text.alarm_pool_create_on_timer_with_unused_hardware_alarm
                0x10001380       0x32 CMakeFiles/myproject.dir/home/andrew/.pico-sdk/sdk/2.0.0/src/common/pico_time/time.c.obj
                0x10001380                alarm_pool_create_on_timer_with_unused_hardware_alarm
 *fill*         0x100013b2        0x2 
 .text.alarm_pool_destroy
                0x100013b4       0x70 CMakeFiles/myproject.dir/home/andrew/.pico-sdk/sdk/2.0.0/src/common/pico_time/time.c.obj
                0x100013b4                alarm_pool_destroy
 .text.alarm_pool_add_alarm_at_force_in_context
                0x10001424       0xa4 CMakeFiles/myproject.dir/home/andrew/.pico-sdk/sdk/2.0.0/src/common/pico_time/time.c.obj
                0x10001424                alarm_pool_add_alarm_at_force_in_context
 .text.alarm_pool_add_alarm_at
                0x100014c8       0x3c CMakeFiles/myproject.dir/home/andrew/.pico-sdk/sdk/2.0.0/src/common/pico_time/time.c.obj
                0x100014c8                alarm_pool_add_alarm_at
 .text.add_alarm_at
                0x10001504       0x2e CMakeFiles/myproject.dir/home/andrew/.pico-sdk/sdk/2.0.0/src/common/pico_time/time.c.obj
 *fill*         0x10001532        0x2 
 .text.alarm_pool_cancel_alarm
                0x10001534       0x78 CMakeFiles/myproject.dir/home/andrew/.pico-sdk/sdk/2.0.0/src/common/pico_time/time.c.obj
                0x10001534                alarm_pool_cancel_alarm
 .text.cancel_alarm
                0x100015ac       0x10 CMakeFiles/myproject.dir/home/andrew/.pico-sdk/sdk/2.0.0/src/common/pico_time/time.c.obj
 .text.alarm_pool_core_num
                0x100015bc        0x4 CMakeFiles/myproject.dir/home/andrew/.pico-sdk/sdk/2.0.0/src/common/pico_time/time.c.obj
                0x100015bc                alarm_pool_core_num
 .text.sleep_until
                0x100015c0       0xb4 CMakeFiles/myproject.dir/home/andrew/.pico-sdk/sdk/2.0.0/src/common/pico_time/time.c.obj
                0x100015c0                sleep_until
 .text.sleep_us
                0x10001674       0x24 CMakeFiles/myproject.dir/home/andrew/.pico-sdk/sdk/2.0.0/src/common/pico_time/time.c.obj
                0x10001674                sleep_us
 .text.sleep_ms
                0x10001698       0x14 CMakeFiles/myproject.dir/home/andrew/.pico-sdk/sdk/2.0.0/src/common/pico_time/time.c.obj
                0x10001698                sleep_ms
 .text.best_effort_wfe_or_timeout
                0x100016ac       0xc4 CMakeFiles/myproject.dir/home/andrew/.pico-sdk/sdk/2.0.0/src/common/pico_time/time.c.obj
                0x100016ac                best_effort_wfe_or_timeout
 .text.alarm_pool_get_default_timer
                0x10001770        0x8 CMakeFiles/myproject.dir/home/andrew/.pico-sdk/sdk/2.0.0/src/common/pico_time/time.c.obj
                0x10001770                alarm_pool_get_default_timer
 .text.runtime_init_default_alarm_pool
                0x10001778       0x38 CMakeFiles/myproject.dir/home/andrew/.pico-sdk/sdk/2.0.0/src/common/pico_time/time.c.obj
                0x10001778                runtime_init_default_alarm_pool
 .text.timer_hardware_alarm_claim
                0x100017b0       0x14 CMakeFiles/myproject.dir/home/andrew/.pico-sdk/sdk/2.0.0/src/rp2_common/hardware_timer/timer.c.obj
                0x100017b0                timer_hardware_alarm_claim
 .text.timer_hardware_alarm_unclaim
                0x100017c4       0x10 CMakeFiles/myproject.dir/home/andrew/.pico-sdk/sdk/2.0.0/src/rp2_common/hardware_timer/timer.c.obj
                0x100017c4                timer_hardware_alarm_unclaim
 .text.hardware_alarm_unclaim
                0x100017d4       0x10 CMakeFiles/myproject.dir/home/andrew/.pico-sdk/sdk/2.0.0/src/rp2_common/hardware_timer/timer.c.obj
                0x100017d4                hardware_alarm_unclaim
 .text.timer_hardware_alarm_claim_unused
                0x100017e4       0x20 CMakeFiles/myproject.dir/home/andrew/.pico-sdk/sdk/2.0.0/src/rp2_common/hardware_timer/timer.c.obj
                0x100017e4                timer_hardware_alarm_claim_unused
 .text.timer_time_us_64
                0x10001804       0x10 CMakeFiles/myproject.dir/home/andrew/.pico-sdk/sdk/2.0.0/src/rp2_common/hardware_timer/timer.c.obj
                0x10001804                timer_time_us_64
 .text.timer_busy_wait_until
                0x10001814       0x1a CMakeFiles/myproject.dir/home/andrew/.pico-sdk/sdk/2.0.0/src/rp2_common/hardware_timer/timer.c.obj
                0x10001814                timer_busy_wait_until
 .text.timer_busy_wait_us
                0x1000182e       0x38 CMakeFiles/myproject.dir/home/andrew/.pico-sdk/sdk/2.0.0/src/rp2_common/hardware_timer/timer.c.obj
                0x1000182e                timer_busy_wait_us
 *fill*         0x10001866        0x2 
 .text.time_us_64
                0x10001868       0x10 CMakeFiles/myproject.dir/home/andrew/.pico-sdk/sdk/2.0.0/src/rp2_common/hardware_timer/timer.c.obj
                0x10001868                time_us_64
 .text.busy_wait_us
                0x10001878       0x14 CMakeFiles/myproject.dir/home/andrew/.pico-sdk/sdk/2.0.0/src/rp2_common/hardware_timer/timer.c.obj
                0x10001878                busy_wait_us
 .text.busy_wait_until
                0x1000188c       0x14 CMakeFiles/myproject.dir/home/andrew/.pico-sdk/sdk/2.0.0/src/rp2_common/hardware_timer/timer.c.obj
                0x1000188c                busy_wait_until
 .text.clock_configure_internal
                0x100018a0       0xc4 CMakeFiles/myproject.dir/home/andrew/.pico-sdk/sdk/2.0.0/src/rp2_common/hardware_clocks/clocks.c.obj
 .text.clock_configure_int_divider
                0x10001964       0x28 CMakeFiles/myproject.dir/home/andrew/.pico-sdk/sdk/2.0.0/src/rp2_common/hardware_clocks/clocks.c.obj
                0x10001964                clock_configure_int_divider
 .text.clock_configure_undivided
                0x1000198c       0x12 CMakeFiles/myproject.dir/home/andrew/.pico-sdk/sdk/2.0.0/src/rp2_common/hardware_clocks/clocks.c.obj
                0x1000198c                clock_configure_undivided
 *fill*         0x1000199e        0x2 
 .text.clock_get_hz
                0x100019a0        0xc CMakeFiles/myproject.dir/home/andrew/.pico-sdk/sdk/2.0.0/src/rp2_common/hardware_clocks/clocks.c.obj
                0x100019a0                clock_get_hz
 .text.pll_init
                0x100019ac      0x124 CMakeFiles/myproject.dir/home/andrew/.pico-sdk/sdk/2.0.0/src/rp2_common/hardware_pll/pll.c.obj
                0x100019ac                pll_init
 .text.watchdog_update
                0x10001ad0       0x14 CMakeFiles/myproject.dir/home/andrew/.pico-sdk/sdk/2.0.0/src/rp2_common/hardware_watchdog/watchdog.c.obj
                0x10001ad0                watchdog_update
 .text._watchdog_enable
                0x10001ae4       0x7c CMakeFiles/myproject.dir/home/andrew/.pico-sdk/sdk/2.0.0/src/rp2_common/hardware_watchdog/watchdog.c.obj
                0x10001ae4                _watchdog_enable
 .text.watchdog_reboot
                0x10001b60       0x48 CMakeFiles/myproject.dir/home/andrew/.pico-sdk/sdk/2.0.0/src/rp2_common/hardware_watchdog/watchdog.c.obj
                0x10001b60                watchdog_reboot
 .text.tick_start
                0x10001ba8       0x10 CMakeFiles/myproject.dir/home/andrew/.pico-sdk/sdk/2.0.0/src/rp2_common/hardware_ticks/ticks.c.obj
                0x10001ba8                tick_start
 .text.xosc_init
                0x10001bb8       0x28 CMakeFiles/myproject.dir/home/andrew/.pico-sdk/sdk/2.0.0/src/rp2_common/hardware_xosc/xosc.c.obj
                0x10001bb8                xosc_init
 .text.runtime_run_initializers_from
                0x10001be0       0x18 CMakeFiles/myproject.dir/home/andrew/.pico-sdk/sdk/2.0.0/src/rp2_common/pico_runtime/runtime.c.obj
 .text.first_per_core_initializer
                0x10001bf8        0x2 CMakeFiles/myproject.dir/home/andrew/.pico-sdk/sdk/2.0.0/src/rp2_common/pico_runtime/runtime.c.obj
 *fill*         0x10001bfa        0x2 
 .text.runtime_run_initializers
                0x10001bfc       0x10 CMakeFiles/myproject.dir/home/andrew/.pico-sdk/sdk/2.0.0/src/rp2_common/pico_runtime/runtime.c.obj
                0x10001bfc                runtime_run_initializers
 .text.runtime_init_early_resets
                0x10001c0c       0x2c CMakeFiles/myproject.dir/home/andrew/.pico-sdk/sdk/2.0.0/src/rp2_common/pico_runtime_init/runtime_init.c.obj
                0x10001c0c                runtime_init_early_resets
 .text.runtime_init_usb_power_down
                0x10001c38       0x1c CMakeFiles/myproject.dir/home/andrew/.pico-sdk/sdk/2.0.0/src/rp2_common/pico_runtime_init/runtime_init.c.obj
                0x10001c38                runtime_init_usb_power_down
 .text.runtime_init_post_clock_resets
                0x10001c54       0x20 CMakeFiles/myproject.dir/home/andrew/.pico-sdk/sdk/2.0.0/src/rp2_common/pico_runtime_init/runtime_init.c.obj
                0x10001c54                runtime_init_post_clock_resets
 .text.runtime_init_rp2040_gpio_ie_disable
                0x10001c74       0x14 CMakeFiles/myproject.dir/home/andrew/.pico-sdk/sdk/2.0.0/src/rp2_common/pico_runtime_init/runtime_init.c.obj
                0x10001c74                runtime_init_rp2040_gpio_ie_disable
 .text.runtime_init_spin_locks_reset
                0x10001c88        0x8 CMakeFiles/myproject.dir/home/andrew/.pico-sdk/sdk/2.0.0/src/rp2_common/pico_runtime_init/runtime_init.c.obj
                0x10001c88                runtime_init_spin_locks_reset
 .text.runtime_init_install_ram_vector_table
                0x10001c90       0x1c CMakeFiles/myproject.dir/home/andrew/.pico-sdk/sdk/2.0.0/src/rp2_common/pico_runtime_init/runtime_init.c.obj
                0x10001c90                runtime_init_install_ram_vector_table
 .text.start_all_ticks
                0x10001cac       0x28 CMakeFiles/myproject.dir/home/andrew/.pico-sdk/sdk/2.0.0/src/rp2_common/pico_runtime_init/runtime_init_clocks.c.obj
 .text.runtime_init_clocks
                0x10001cd4       0xcc CMakeFiles/myproject.dir/home/andrew/.pico-sdk/sdk/2.0.0/src/rp2_common/pico_runtime_init/runtime_init_clocks.c.obj
                0x10001cd4                runtime_init_clocks
 .text          0x10001da0       0x10 CMakeFiles/myproject.dir/home/andrew/.pico-sdk/sdk/2.0.0/src/rp2_common/pico_bit_ops/bit_ops_aeabi.S.obj
 .text.ctzsi    0x10001db0        0xc CMakeFiles/myproject.dir/home/andrew/.pico-sdk/sdk/2.0.0/src/rp2_common/pico_bit_ops/bit_ops_aeabi.S.obj
                0x10001db0                __wrap___ctzsi2
 .text.rom_func_lookup
                0x10001dbc       0x10 CMakeFiles/myproject.dir/home/andrew/.pico-sdk/sdk/2.0.0/src/rp2_common/pico_bootrom/bootrom.c.obj
                0x10001dbc                rom_func_lookup
 .text.rom_data_lookup
                0x10001dcc       0x10 CMakeFiles/myproject.dir/home/andrew/.pico-sdk/sdk/2.0.0/src/rp2_common/pico_bootrom/bootrom.c.obj
                0x10001dcc                rom_data_lookup
 .text.rom_funcs_lookup
                0x10001ddc       0x36 CMakeFiles/myproject.dir/home/andrew/.pico-sdk/sdk/2.0.0/src/rp2_common/pico_bootrom/bootrom.c.obj
                0x10001ddc                rom_funcs_lookup
 *fill*         0x10001e12        0x2 
 .text.rom_reset_usb_boot
                0x10001e14       0x18 CMakeFiles/myproject.dir/home/andrew/.pico-sdk/sdk/2.0.0/src/rp2_common/pico_bootrom/bootrom.c.obj
                0x10001e14                rom_reset_usb_boot
 .text.__wrap___aeabi_idiv
                0x10001e2c       0x50 CMakeFiles/myproject.dir/home/andrew/.pico-sdk/sdk/2.0.0/src/rp2_common/pico_divider/divider_hardware.S.obj
                0x10001e2c                __wrap___aeabi_idivmod
                0x10001e2c                divmod_s32s32
                0x10001e2c                div_s32s32
                0x10001e2c                __wrap___aeabi_idiv
                0x10001e34                divmod_s32s32_unsafe
                0x10001e60                divmod_s32s32_savestate
 .text.__wrap___aeabi_uidiv
                0x10001e7c       0x4c CMakeFiles/myproject.dir/home/andrew/.pico-sdk/sdk/2.0.0/src/rp2_common/pico_divider/divider_hardware.S.obj
                0x10001e7c                __wrap___aeabi_uidiv
                0x10001e7c                __wrap___aeabi_uidivmod
                0x10001e7c                div_u32u32
                0x10001e7c                divmod_u32u32
                0x10001e84                divmod_u32u32_unsafe
                0x10001eac                divmod_u32u32_savestate
 .text.__wrap___aeabi_ldiv
                0x10001ec8      0x424 CMakeFiles/myproject.dir/home/andrew/.pico-sdk/sdk/2.0.0/src/rp2_common/pico_divider/divider_hardware.S.obj
                0x10001ec8                div_s64s64
                0x10001ec8                divmod_s64s64
                0x10001ec8                __wrap___aeabi_ldivmod
                0x10001ef8                div_u64u64
                0x10001ef8                divmod_u64u64
                0x10001ef8                __wrap___aeabi_uldivmod
                0x10001f08                divmod_u64u64_savestate
                0x10001f28                divmod_s64s64_unsafe
                0x10001fb0                divmod_u64u64_unsafe
 .text.__wrap___aeabi_darithmetic
                0x100022ec       0x60 CMakeFiles/myproject.dir/home/andrew/.pico-sdk/sdk/2.0.0/src/rp2_common/pico_double/double_aeabi_rp2040.S.obj
                0x100022ec                __wrap___aeabi_drsub
                0x100022f2                __wrap___aeabi_dsub
                0x100022fc                __wrap___aeabi_dadd
                0x10002306                __wrap___aeabi_ddiv
                0x1000233a                __wrap___aeabi_dmul
 .text.__wrap___aeabi_cdcmple
                0x1000234c       0x6c CMakeFiles/myproject.dir/home/andrew/.pico-sdk/sdk/2.0.0/src/rp2_common/pico_double/double_aeabi_rp2040.S.obj
                0x1000234c                __wrap___aeabi_cdrcmple
                0x1000235c                __wrap___aeabi_cdcmple
                0x1000235c                __wrap___aeabi_cdcmpeq
 .text.__wrap___aeabi_dcmplt
                0x100023b8        0xc CMakeFiles/myproject.dir/home/andrew/.pico-sdk/sdk/2.0.0/src/rp2_common/pico_double/double_aeabi_rp2040.S.obj
                0x100023b8                __wrap___aeabi_dcmplt
 .text.__wrap___aeabi_dcmple
                0x100023c4       0x10 CMakeFiles/myproject.dir/home/andrew/.pico-sdk/sdk/2.0.0/src/rp2_common/pico_double/double_aeabi_rp2040.S.obj
                0x100023c4                __wrap___aeabi_dcmple
 .text.__wrap___aeabi_dcmpge
                0x100023d4       0x10 CMakeFiles/myproject.dir/home/andrew/.pico-sdk/sdk/2.0.0/src/rp2_common/pico_double/double_aeabi_rp2040.S.obj
                0x100023d4                __wrap___aeabi_dcmpge
 .text.__wrap___aeabi_dcmpgt
                0x100023e4        0xa CMakeFiles/myproject.dir/home/andrew/.pico-sdk/sdk/2.0.0/src/rp2_common/pico_double/double_aeabi_rp2040.S.obj
                0x100023e4                __wrap___aeabi_dcmpgt
 .text.__wrap___aeabi_dcmpun
                0x100023ee       0x18 CMakeFiles/myproject.dir/home/andrew/.pico-sdk/sdk/2.0.0/src/rp2_common/pico_double/double_aeabi_rp2040.S.obj
                0x100023ee                __wrap___aeabi_dcmpun
 *fill*         0x10002406        0x2 
 .text.__wrap___aeabi_i2d
                0x10002408       0x38 CMakeFiles/myproject.dir/home/andrew/.pico-sdk/sdk/2.0.0/src/rp2_common/pico_double/double_aeabi_rp2040.S.obj
                0x10002408                __wrap___aeabi_ui2d
                0x10002410                __wrap___aeabi_i2d
 .text.__wrap___aeabi_d2iz
                0x10002440       0x48 CMakeFiles/myproject.dir/home/andrew/.pico-sdk/sdk/2.0.0/src/rp2_common/pico_double/double_aeabi_rp2040.S.obj
                0x10002440                __wrap___aeabi_d2iz
                0x10002440                double2int_z
 .text.__wrap___aeabi_d2uiz
                0x10002488       0x10 CMakeFiles/myproject.dir/home/andrew/.pico-sdk/sdk/2.0.0/src/rp2_common/pico_double/double_aeabi_rp2040.S.obj
                0x10002488                double2uint
                0x10002488                __wrap___aeabi_d2uiz
 .text.missing_double_func_shim
                0x10002498        0xc CMakeFiles/myproject.dir/home/andrew/.pico-sdk/sdk/2.0.0/src/rp2_common/pico_double/double_init_rom_rp2040.c.obj
 .text.__aeabi_double_init
                0x100024a4       0xd0 CMakeFiles/myproject.dir/home/andrew/.pico-sdk/sdk/2.0.0/src/rp2_common/pico_double/double_init_rom_rp2040.c.obj
                0x100024a4                __aeabi_double_init
 .text.double_table_shim_on_use_helper
                0x10002574       0x34 CMakeFiles/myproject.dir/home/andrew/.pico-sdk/sdk/2.0.0/src/rp2_common/pico_double/double_v1_rom_shim_rp2040.S.obj
                0x10002574                double_table_shim_on_use_helper
 .text.__aeabi_lmul
                0x100025a8       0x32 CMakeFiles/myproject.dir/home/andrew/.pico-sdk/sdk/2.0.0/src/rp2_common/pico_int64_ops/pico_int64_ops_aeabi.S.obj
                0x100025a8                __wrap___aeabi_lmul
 *fill*         0x100025da        0x2 
 .text.missing_float_func_shim
                0x100025dc        0xc CMakeFiles/myproject.dir/home/andrew/.pico-sdk/sdk/2.0.0/src/rp2_common/pico_float/float_init_rom_rp2040.c.obj
 .text.__aeabi_float_init
                0x100025e8       0x88 CMakeFiles/myproject.dir/home/andrew/.pico-sdk/sdk/2.0.0/src/rp2_common/pico_float/float_init_rom_rp2040.c.obj
                0x100025e8                __aeabi_float_init
 .text.check_alloc
                0x10002670       0x20 CMakeFiles/myproject.dir/home/andrew/.pico-sdk/sdk/2.0.0/src/rp2_common/pico_malloc/malloc.c.obj
 .text.__wrap_malloc
                0x10002690       0x2c CMakeFiles/myproject.dir/home/andrew/.pico-sdk/sdk/2.0.0/src/rp2_common/pico_malloc/malloc.c.obj
                0x10002690                __wrap_malloc
 .text.__wrap_calloc
                0x100026bc       0x30 CMakeFiles/myproject.dir/home/andrew/.pico-sdk/sdk/2.0.0/src/rp2_common/pico_malloc/malloc.c.obj
                0x100026bc                __wrap_calloc
 .text.__wrap_free
                0x100026ec       0x20 CMakeFiles/myproject.dir/home/andrew/.pico-sdk/sdk/2.0.0/src/rp2_common/pico_malloc/malloc.c.obj
                0x100026ec                __wrap_free
 .text          0x1000270c       0x10 CMakeFiles/myproject.dir/home/andrew/.pico-sdk/sdk/2.0.0/src/rp2_common/pico_mem_ops/mem_ops_aeabi.S.obj
                0x1000270c                __aeabi_mem_init
 .text.memset   0x1000271c        0xc CMakeFiles/myproject.dir/home/andrew/.pico-sdk/sdk/2.0.0/src/rp2_common/pico_mem_ops/mem_ops_aeabi.S.obj
                0x1000271c                __wrap_memset
 .text.memcpy   0x10002728        0xc CMakeFiles/myproject.dir/home/andrew/.pico-sdk/sdk/2.0.0/src/rp2_common/pico_mem_ops/mem_ops_aeabi.S.obj
                0x10002728                __wrap___aeabi_memcpy
                0x10002728                __wrap_memcpy
 .text._out_null
                0x10002734        0x2 CMakeFiles/myproject.dir/home/andrew/.pico-sdk/sdk/2.0.0/src/rp2_common/pico_printf/printf.c.obj
 .text._out_fct
                0x10002736        0xe CMakeFiles/myproject.dir/home/andrew/.pico-sdk/sdk/2.0.0/src/rp2_common/pico_printf/printf.c.obj
 .text._atoi    0x10002744       0x24 CMakeFiles/myproject.dir/home/andrew/.pico-sdk/sdk/2.0.0/src/rp2_common/pico_printf/printf.c.obj
 .text._out_rev
                0x10002768       0xae CMakeFiles/myproject.dir/home/andrew/.pico-sdk/sdk/2.0.0/src/rp2_common/pico_printf/printf.c.obj
 .text._ntoa_format
                0x10002816      0x110 CMakeFiles/myproject.dir/home/andrew/.pico-sdk/sdk/2.0.0/src/rp2_common/pico_printf/printf.c.obj
 .text._ntoa_long
                0x10002926       0xbc CMakeFiles/myproject.dir/home/andrew/.pico-sdk/sdk/2.0.0/src/rp2_common/pico_printf/printf.c.obj
 .text._ntoa_long_long
                0x100029e2      0x10e CMakeFiles/myproject.dir/home/andrew/.pico-sdk/sdk/2.0.0/src/rp2_common/pico_printf/printf.c.obj
 .text._etoa    0x10002af0      0x420 CMakeFiles/myproject.dir/home/andrew/.pico-sdk/sdk/2.0.0/src/rp2_common/pico_printf/printf.c.obj
 .text._ftoa    0x10002f10      0x354 CMakeFiles/myproject.dir/home/andrew/.pico-sdk/sdk/2.0.0/src/rp2_common/pico_printf/printf.c.obj
 .text._vsnprintf
                0x10003264      0x668 CMakeFiles/myproject.dir/home/andrew/.pico-sdk/sdk/2.0.0/src/rp2_common/pico_printf/printf.c.obj
 .text.vfctprintf
                0x100038cc       0x20 CMakeFiles/myproject.dir/home/andrew/.pico-sdk/sdk/2.0.0/src/rp2_common/pico_printf/printf.c.obj
                0x100038cc                vfctprintf
 .text._exit    0x100038ec        0x4 CMakeFiles/myproject.dir/home/andrew/.pico-sdk/sdk/2.0.0/src/rp2_common/pico_clib_interface/newlib_interface.c.obj
                0x100038ec                _exit
 .text._sbrk    0x100038f0       0x38 CMakeFiles/myproject.dir/home/andrew/.pico-sdk/sdk/2.0.0/src/rp2_common/pico_clib_interface/newlib_interface.c.obj
                0x100038f0                _sbrk
 .text.exit     0x10003928        0x6 CMakeFiles/myproject.dir/home/andrew/.pico-sdk/sdk/2.0.0/src/rp2_common/pico_clib_interface/newlib_interface.c.obj
                0x10003928                exit
 *fill*         0x1000392e        0x2 
 .text.__assert_func
                0x10003930       0x38 CMakeFiles/myproject.dir/home/andrew/.pico-sdk/sdk/2.0.0/src/rp2_common/pico_clib_interface/newlib_interface.c.obj
                0x10003930                __assert_func
 .text.runtime_init
                0x10003968       0x28 CMakeFiles/myproject.dir/home/andrew/.pico-sdk/sdk/2.0.0/src/rp2_common/pico_clib_interface/newlib_interface.c.obj
                0x10003968                runtime_init
 .text.stdio_out_chars_no_crlf
                0x10003990        0xe CMakeFiles/myproject.dir/home/andrew/.pico-sdk/sdk/2.0.0/src/rp2_common/pico_stdio/stdio.c.obj
 *fill*         0x1000399e        0x2 
 .text.stdio_out_chars_crlf
                0x100039a0       0x80 CMakeFiles/myproject.dir/home/andrew/.pico-sdk/sdk/2.0.0/src/rp2_common/pico_stdio/stdio.c.obj
 .text.stdio_stack_buffer_flush
                0x10003a20       0x44 CMakeFiles/myproject.dir/home/andrew/.pico-sdk/sdk/2.0.0/src/rp2_common/pico_stdio/stdio.c.obj
 .text.stdio_buffered_printer
                0x10003a64       0x20 CMakeFiles/myproject.dir/home/andrew/.pico-sdk/sdk/2.0.0/src/rp2_common/pico_stdio/stdio.c.obj
 .text.stdout_serialize_begin
                0x10003a84       0x30 CMakeFiles/myproject.dir/home/andrew/.pico-sdk/sdk/2.0.0/src/rp2_common/pico_stdio/stdio.c.obj
                0x10003a84                stdout_serialize_begin
 .text.stdout_serialize_end
                0x10003ab4       0x10 CMakeFiles/myproject.dir/home/andrew/.pico-sdk/sdk/2.0.0/src/rp2_common/pico_stdio/stdio.c.obj
                0x10003ab4                stdout_serialize_end
 .text.stdio_put_string
                0x10003ac4       0x94 CMakeFiles/myproject.dir/home/andrew/.pico-sdk/sdk/2.0.0/src/rp2_common/pico_stdio/stdio.c.obj
                0x10003ac4                stdio_put_string
 .text.stdio_get_until
                0x10003b58       0x74 CMakeFiles/myproject.dir/home/andrew/.pico-sdk/sdk/2.0.0/src/rp2_common/pico_stdio/stdio.c.obj
                0x10003b58                stdio_get_until
 .text.stdio_set_driver_enabled
                0x10003bcc       0x2c CMakeFiles/myproject.dir/home/andrew/.pico-sdk/sdk/2.0.0/src/rp2_common/pico_stdio/stdio.c.obj
                0x10003bcc                stdio_set_driver_enabled
 .text.stdio_flush
                0x10003bf8       0x20 CMakeFiles/myproject.dir/home/andrew/.pico-sdk/sdk/2.0.0/src/rp2_common/pico_stdio/stdio.c.obj
                0x10003bf8                stdio_flush
 .text.stdio_init_all
                0x10003c18        0x8 CMakeFiles/myproject.dir/home/andrew/.pico-sdk/sdk/2.0.0/src/rp2_common/pico_stdio/stdio.c.obj
                0x10003c18                stdio_init_all
 .text.__wrap_getchar
                0x10003c20       0x40 CMakeFiles/myproject.dir/home/andrew/.pico-sdk/sdk/2.0.0/src/rp2_common/pico_stdio/stdio.c.obj
                0x10003c20                __wrap_getchar
                0x10003c20                stdio_getchar
 .text.__wrap_putchar
                0x10003c60       0x1c CMakeFiles/myproject.dir/home/andrew/.pico-sdk/sdk/2.0.0/src/rp2_common/pico_stdio/stdio.c.obj
                0x10003c60                stdio_putchar
                0x10003c60                __wrap_putchar
 .text.__wrap_puts
                0x10003c7c       0x1e CMakeFiles/myproject.dir/home/andrew/.pico-sdk/sdk/2.0.0/src/rp2_common/pico_stdio/stdio.c.obj
                0x10003c7c                __wrap_puts
                0x10003c7c                stdio_puts
 *fill*         0x10003c9a        0x2 
 .text.__wrap_vprintf
                0x10003c9c       0x40 CMakeFiles/myproject.dir/home/andrew/.pico-sdk/sdk/2.0.0/src/rp2_common/pico_stdio/stdio.c.obj
                0x10003c9c                __wrap_vprintf
                0x10003c9c                stdio_vprintf
 .text.__wrap_printf
                0x10003cdc       0x18 CMakeFiles/myproject.dir/home/andrew/.pico-sdk/sdk/2.0.0/src/rp2_common/pico_stdio/stdio.c.obj
                0x10003cdc                stdio_printf
                0x10003cdc                __wrap_printf
 .text.resetd_init
                0x10003cf4        0x2 CMakeFiles/myproject.dir/home/andrew/.pico-sdk/sdk/2.0.0/src/rp2_common/pico_stdio_usb/reset_interface.c.obj
 *fill*         0x10003cf6        0x2 
 .text.resetd_reset
                0x10003cf8        0xc CMakeFiles/myproject.dir/home/andrew/.pico-sdk/sdk/2.0.0/src/rp2_common/pico_stdio_usb/reset_interface.c.obj
 .text.resetd_open
                0x10003d04       0x34 CMakeFiles/myproject.dir/home/andrew/.pico-sdk/sdk/2.0.0/src/rp2_common/pico_stdio_usb/reset_interface.c.obj
 .text.resetd_xfer_cb
                0x10003d38        0x4 CMakeFiles/myproject.dir/home/andrew/.pico-sdk/sdk/2.0.0/src/rp2_common/pico_stdio_usb/reset_interface.c.obj
 .text.resetd_control_xfer_cb
                0x10003d3c       0x5c CMakeFiles/myproject.dir/home/andrew/.pico-sdk/sdk/2.0.0/src/rp2_common/pico_stdio_usb/reset_interface.c.obj
 .text.tud_descriptor_bos_cb
                0x10003d98        0x8 CMakeFiles/myproject.dir/home/andrew/.pico-sdk/sdk/2.0.0/src/rp2_common/pico_stdio_usb/reset_interface.c.obj
                0x10003d98                tud_descriptor_bos_cb
 .text.tud_vendor_control_xfer_cb
                0x10003da0       0x38 CMakeFiles/myproject.dir/home/andrew/.pico-sdk/sdk/2.0.0/src/rp2_common/pico_stdio_usb/reset_interface.c.obj
                0x10003da0                tud_vendor_control_xfer_cb
 .text.usbd_app_driver_get_cb
                0x10003dd8        0xc CMakeFiles/myproject.dir/home/andrew/.pico-sdk/sdk/2.0.0/src/rp2_common/pico_stdio_usb/reset_interface.c.obj
                0x10003dd8                usbd_app_driver_get_cb
 .text.tud_cdc_line_coding_cb
                0x10003de4       0x28 CMakeFiles/myproject.dir/home/andrew/.pico-sdk/sdk/2.0.0/src/rp2_common/pico_stdio_usb/reset_interface.c.obj
                0x10003de4                tud_cdc_line_coding_cb
 .text.stdio_usb_set_chars_available_callback
                0x10003e0c       0x14 CMakeFiles/myproject.dir/home/andrew/.pico-sdk/sdk/2.0.0/src/rp2_common/pico_stdio_usb/stdio_usb.c.obj
                0x10003e0c                stdio_usb_set_chars_available_callback
 .text.stdio_usb_out_flush
                0x10003e20       0x4c CMakeFiles/myproject.dir/home/andrew/.pico-sdk/sdk/2.0.0/src/rp2_common/pico_stdio_usb/stdio_usb.c.obj
 .text.usb_irq  0x10003e6c       0x10 CMakeFiles/myproject.dir/home/andrew/.pico-sdk/sdk/2.0.0/src/rp2_common/pico_stdio_usb/stdio_usb.c.obj
 .text.critical_section_enter_blocking
                0x10003e7c       0x16 CMakeFiles/myproject.dir/home/andrew/.pico-sdk/sdk/2.0.0/src/rp2_common/pico_stdio_usb/stdio_usb.c.obj
 *fill*         0x10003e92        0x2 
 .text.timer_task
                0x10003e94       0x60 CMakeFiles/myproject.dir/home/andrew/.pico-sdk/sdk/2.0.0/src/rp2_common/pico_stdio_usb/stdio_usb.c.obj
 .text.alarm_pool_add_alarm_in_us
                0x10003ef4       0x40 CMakeFiles/myproject.dir/home/andrew/.pico-sdk/sdk/2.0.0/src/rp2_common/pico_stdio_usb/stdio_usb.c.obj
 .text.add_alarm_in_us
                0x10003f34       0x2e CMakeFiles/myproject.dir/home/andrew/.pico-sdk/sdk/2.0.0/src/rp2_common/pico_stdio_usb/stdio_usb.c.obj
 *fill*         0x10003f62        0x2 
 .text.low_priority_worker_irq
                0x10003f64       0xa0 CMakeFiles/myproject.dir/home/andrew/.pico-sdk/sdk/2.0.0/src/rp2_common/pico_stdio_usb/stdio_usb.c.obj
 .text.stdio_usb_init
                0x10004004       0xdc CMakeFiles/myproject.dir/home/andrew/.pico-sdk/sdk/2.0.0/src/rp2_common/pico_stdio_usb/stdio_usb.c.obj
                0x10004004                stdio_usb_init
 .text.stdio_usb_connected
                0x100040e0        0xa CMakeFiles/myproject.dir/home/andrew/.pico-sdk/sdk/2.0.0/src/rp2_common/pico_stdio_usb/stdio_usb.c.obj
                0x100040e0                stdio_usb_connected
 *fill*         0x100040ea        0x2 
 .text.stdio_usb_in_chars
                0x100040ec       0x98 CMakeFiles/myproject.dir/home/andrew/.pico-sdk/sdk/2.0.0/src/rp2_common/pico_stdio_usb/stdio_usb.c.obj
                0x100040ec                stdio_usb_in_chars
 .text.stdio_usb_out_chars
                0x10004184       0xe8 CMakeFiles/myproject.dir/home/andrew/.pico-sdk/sdk/2.0.0/src/rp2_common/pico_stdio_usb/stdio_usb.c.obj
 .text.tud_descriptor_device_cb
                0x1000426c        0x8 CMakeFiles/myproject.dir/home/andrew/.pico-sdk/sdk/2.0.0/src/rp2_common/pico_stdio_usb/stdio_usb_descriptors.c.obj
                0x1000426c                tud_descriptor_device_cb
 .text.tud_descriptor_configuration_cb
                0x10004274        0x8 CMakeFiles/myproject.dir/home/andrew/.pico-sdk/sdk/2.0.0/src/rp2_common/pico_stdio_usb/stdio_usb_descriptors.c.obj
                0x10004274                tud_descriptor_configuration_cb
 .text.tud_descriptor_string_cb
                0x1000427c       0x6c CMakeFiles/myproject.dir/home/andrew/.pico-sdk/sdk/2.0.0/src/rp2_common/pico_stdio_usb/stdio_usb_descriptors.c.obj
                0x1000427c                tud_descriptor_string_cb
 .text._retrieve_unique_id_on_boot
                0x100042e8       0x10 CMakeFiles/myproject.dir/home/andrew/.pico-sdk/sdk/2.0.0/src/rp2_common/pico_unique_id/unique_id.c.obj
 .text.pico_get_unique_board_id
                0x100042f8       0x10 CMakeFiles/myproject.dir/home/andrew/.pico-sdk/sdk/2.0.0/src/rp2_common/pico_unique_id/unique_id.c.obj
                0x100042f8                pico_get_unique_board_id
 .text.pico_get_unique_board_id_string
                0x10004308       0x5c CMakeFiles/myproject.dir/home/andrew/.pico-sdk/sdk/2.0.0/src/rp2_common/pico_unique_id/unique_id.c.obj
                0x10004308                pico_get_unique_board_id_string
 .text.flash_get_unique_id
                0x10004364       0x40 CMakeFiles/myproject.dir/home/andrew/.pico-sdk/sdk/2.0.0/src/rp2_common/hardware_flash/flash.c.obj
                0x10004364                flash_get_unique_id
 .text._hw_endpoint_alloc
                0x100043a4       0x70 CMakeFiles/myproject.dir/home/andrew/.pico-sdk/sdk/2.0.0/lib/tinyusb/src/portable/raspberrypi/rp2040/dcd_rp2040.c.obj
 .text.hw_endpoint_init
                0x10004414       0xbc CMakeFiles/myproject.dir/home/andrew/.pico-sdk/sdk/2.0.0/lib/tinyusb/src/portable/raspberrypi/rp2040/dcd_rp2040.c.obj
 .text.hw_endpoint_xfer
                0x100044d0       0x20 CMakeFiles/myproject.dir/home/andrew/.pico-sdk/sdk/2.0.0/lib/tinyusb/src/portable/raspberrypi/rp2040/dcd_rp2040.c.obj
 .text.dcd_int_enable
                0x100044f0       0x2c CMakeFiles/myproject.dir/home/andrew/.pico-sdk/sdk/2.0.0/lib/tinyusb/src/portable/raspberrypi/rp2040/dcd_rp2040.c.obj
                0x100044f0                dcd_int_enable
 .text.dcd_set_address
                0x1000451c       0x2c CMakeFiles/myproject.dir/home/andrew/.pico-sdk/sdk/2.0.0/lib/tinyusb/src/portable/raspberrypi/rp2040/dcd_rp2040.c.obj
                0x1000451c                dcd_set_address
 .text.dcd_connect
                0x10004548       0x10 CMakeFiles/myproject.dir/home/andrew/.pico-sdk/sdk/2.0.0/lib/tinyusb/src/portable/raspberrypi/rp2040/dcd_rp2040.c.obj
                0x10004548                dcd_connect
 .text.dcd_init
                0x10004558       0x80 CMakeFiles/myproject.dir/home/andrew/.pico-sdk/sdk/2.0.0/lib/tinyusb/src/portable/raspberrypi/rp2040/dcd_rp2040.c.obj
                0x10004558                dcd_init
 .text.dcd_sof_enable
                0x100045d8       0x1c CMakeFiles/myproject.dir/home/andrew/.pico-sdk/sdk/2.0.0/lib/tinyusb/src/portable/raspberrypi/rp2040/dcd_rp2040.c.obj
                0x100045d8                dcd_sof_enable
 .text.dcd_edpt0_status_complete
                0x100045f4       0x1c CMakeFiles/myproject.dir/home/andrew/.pico-sdk/sdk/2.0.0/lib/tinyusb/src/portable/raspberrypi/rp2040/dcd_rp2040.c.obj
                0x100045f4                dcd_edpt0_status_complete
 .text.dcd_edpt_open
                0x10004610       0x40 CMakeFiles/myproject.dir/home/andrew/.pico-sdk/sdk/2.0.0/lib/tinyusb/src/portable/raspberrypi/rp2040/dcd_rp2040.c.obj
                0x10004610                dcd_edpt_open
 .text.dcd_edpt_close_all
                0x10004650        0x8 CMakeFiles/myproject.dir/home/andrew/.pico-sdk/sdk/2.0.0/lib/tinyusb/src/portable/raspberrypi/rp2040/dcd_rp2040.c.obj
                0x10004650                dcd_edpt_close_all
 .text.dcd_edpt_xfer
                0x10004658       0x30 CMakeFiles/myproject.dir/home/andrew/.pico-sdk/sdk/2.0.0/lib/tinyusb/src/portable/raspberrypi/rp2040/dcd_rp2040.c.obj
                0x10004658                dcd_edpt_xfer
 .text.dcd_edpt_stall
                0x10004688       0x3c CMakeFiles/myproject.dir/home/andrew/.pico-sdk/sdk/2.0.0/lib/tinyusb/src/portable/raspberrypi/rp2040/dcd_rp2040.c.obj
                0x10004688                dcd_edpt_stall
 .text.dcd_edpt_clear_stall
                0x100046c4       0x30 CMakeFiles/myproject.dir/home/andrew/.pico-sdk/sdk/2.0.0/lib/tinyusb/src/portable/raspberrypi/rp2040/dcd_rp2040.c.obj
                0x100046c4                dcd_edpt_clear_stall
 .text.unaligned_memcpy
                0x100046f4       0x14 CMakeFiles/myproject.dir/home/andrew/.pico-sdk/sdk/2.0.0/lib/tinyusb/src/portable/raspberrypi/rp2040/rp2040_usb.c.obj
 .text.rp2040_usb_init
                0x10004708       0x44 CMakeFiles/myproject.dir/home/andrew/.pico-sdk/sdk/2.0.0/lib/tinyusb/src/portable/raspberrypi/rp2040/rp2040_usb.c.obj
                0x10004708                rp2040_usb_init
 .text.hw_endpoint_xfer_start
                0x1000474c       0x60 CMakeFiles/myproject.dir/home/andrew/.pico-sdk/sdk/2.0.0/lib/tinyusb/src/portable/raspberrypi/rp2040/rp2040_usb.c.obj
                0x1000474c                hw_endpoint_xfer_start
 .text.configuration_reset
                0x100047ac       0x84 CMakeFiles/myproject.dir/home/andrew/.pico-sdk/sdk/2.0.0/lib/tinyusb/src/device/usbd.c.obj
 .text.critical_section_enter_blocking
                0x10004830       0x16 CMakeFiles/myproject.dir/home/andrew/.pico-sdk/sdk/2.0.0/lib/tinyusb/src/device/usbd.c.obj
 .text.usbd_reset
                0x10004846        0xc CMakeFiles/myproject.dir/home/andrew/.pico-sdk/sdk/2.0.0/lib/tinyusb/src/device/usbd.c.obj
 .text.invoke_class_control
                0x10004852       0x1a CMakeFiles/myproject.dir/home/andrew/.pico-sdk/sdk/2.0.0/lib/tinyusb/src/device/usbd.c.obj
 .text.process_set_config
                0x1000486c      0x1b0 CMakeFiles/myproject.dir/home/andrew/.pico-sdk/sdk/2.0.0/lib/tinyusb/src/device/usbd.c.obj
 .text.tud_event_hook_cb
                0x10004a1c        0x2 CMakeFiles/myproject.dir/home/andrew/.pico-sdk/sdk/2.0.0/lib/tinyusb/src/device/usbd.c.obj
                0x10004a1c                tud_event_hook_cb
 .text.tud_sof_cb
                0x10004a1e        0x2 CMakeFiles/myproject.dir/home/andrew/.pico-sdk/sdk/2.0.0/lib/tinyusb/src/device/usbd.c.obj
                0x10004a1e                tud_sof_cb
 .text.tud_descriptor_device_qualifier_cb
                0x10004a20        0x4 CMakeFiles/myproject.dir/home/andrew/.pico-sdk/sdk/2.0.0/lib/tinyusb/src/device/usbd.c.obj
                0x10004a20                tud_descriptor_device_qualifier_cb
 .text.tud_descriptor_other_speed_configuration_cb
                0x10004a24        0x4 CMakeFiles/myproject.dir/home/andrew/.pico-sdk/sdk/2.0.0/lib/tinyusb/src/device/usbd.c.obj
                0x10004a24                tud_descriptor_other_speed_configuration_cb
 .text.process_get_descriptor
                0x10004a28       0xe0 CMakeFiles/myproject.dir/home/andrew/.pico-sdk/sdk/2.0.0/lib/tinyusb/src/device/usbd.c.obj
 .text.tud_mount_cb
                0x10004b08        0x2 CMakeFiles/myproject.dir/home/andrew/.pico-sdk/sdk/2.0.0/lib/tinyusb/src/device/usbd.c.obj
                0x10004b08                tud_mount_cb
 .text.tud_umount_cb
                0x10004b0a        0x2 CMakeFiles/myproject.dir/home/andrew/.pico-sdk/sdk/2.0.0/lib/tinyusb/src/device/usbd.c.obj
                0x10004b0a                tud_umount_cb
 .text.tud_suspend_cb
                0x10004b0c        0x2 CMakeFiles/myproject.dir/home/andrew/.pico-sdk/sdk/2.0.0/lib/tinyusb/src/device/usbd.c.obj
                0x10004b0c                tud_suspend_cb
 .text.tud_resume_cb
                0x10004b0e        0x2 CMakeFiles/myproject.dir/home/andrew/.pico-sdk/sdk/2.0.0/lib/tinyusb/src/device/usbd.c.obj
                0x10004b0e                tud_resume_cb
 .text.tud_mounted
                0x10004b10       0x10 CMakeFiles/myproject.dir/home/andrew/.pico-sdk/sdk/2.0.0/lib/tinyusb/src/device/usbd.c.obj
                0x10004b10                tud_mounted
 .text.tud_suspended
                0x10004b20       0x10 CMakeFiles/myproject.dir/home/andrew/.pico-sdk/sdk/2.0.0/lib/tinyusb/src/device/usbd.c.obj
                0x10004b20                tud_suspended
 .text.tud_inited
                0x10004b30       0x14 CMakeFiles/myproject.dir/home/andrew/.pico-sdk/sdk/2.0.0/lib/tinyusb/src/device/usbd.c.obj
                0x10004b30                tud_inited
 .text.tud_init
                0x10004b44       0xdc CMakeFiles/myproject.dir/home/andrew/.pico-sdk/sdk/2.0.0/lib/tinyusb/src/device/usbd.c.obj
                0x10004b44                tud_init
 .text.usbd_edpt_open
                0x10004c20       0x60 CMakeFiles/myproject.dir/home/andrew/.pico-sdk/sdk/2.0.0/lib/tinyusb/src/device/usbd.c.obj
                0x10004c20                usbd_edpt_open
 .text.usbd_open_edpt_pair
                0x10004c80       0x8c CMakeFiles/myproject.dir/home/andrew/.pico-sdk/sdk/2.0.0/lib/tinyusb/src/device/usbd.c.obj
                0x10004c80                usbd_open_edpt_pair
 .text.usbd_edpt_claim
                0x10004d0c       0x28 CMakeFiles/myproject.dir/home/andrew/.pico-sdk/sdk/2.0.0/lib/tinyusb/src/device/usbd.c.obj
                0x10004d0c                usbd_edpt_claim
 .text.usbd_edpt_release
                0x10004d34       0x28 CMakeFiles/myproject.dir/home/andrew/.pico-sdk/sdk/2.0.0/lib/tinyusb/src/device/usbd.c.obj
                0x10004d34                usbd_edpt_release
 .text.usbd_edpt_xfer
                0x10004d5c       0x88 CMakeFiles/myproject.dir/home/andrew/.pico-sdk/sdk/2.0.0/lib/tinyusb/src/device/usbd.c.obj
                0x10004d5c                usbd_edpt_xfer
 .text.usbd_edpt_stall
                0x10004de4       0x34 CMakeFiles/myproject.dir/home/andrew/.pico-sdk/sdk/2.0.0/lib/tinyusb/src/device/usbd.c.obj
                0x10004de4                usbd_edpt_stall
 .text.usbd_edpt_clear_stall
                0x10004e18       0x34 CMakeFiles/myproject.dir/home/andrew/.pico-sdk/sdk/2.0.0/lib/tinyusb/src/device/usbd.c.obj
                0x10004e18                usbd_edpt_clear_stall
 .text.usbd_edpt_stalled
                0x10004e4c       0x1c CMakeFiles/myproject.dir/home/andrew/.pico-sdk/sdk/2.0.0/lib/tinyusb/src/device/usbd.c.obj
                0x10004e4c                usbd_edpt_stalled
 .text.process_control_request
                0x10004e68      0x390 CMakeFiles/myproject.dir/home/andrew/.pico-sdk/sdk/2.0.0/lib/tinyusb/src/device/usbd.c.obj
 .text.tud_task_ext
                0x100051f8      0x1c8 CMakeFiles/myproject.dir/home/andrew/.pico-sdk/sdk/2.0.0/lib/tinyusb/src/device/usbd.c.obj
                0x100051f8                tud_task_ext
 .text._status_stage_xact
                0x100053c0       0x1a CMakeFiles/myproject.dir/home/andrew/.pico-sdk/sdk/2.0.0/lib/tinyusb/src/device/usbd_control.c.obj
 *fill*         0x100053da        0x2 
 .text._data_stage_xact
                0x100053dc       0x60 CMakeFiles/myproject.dir/home/andrew/.pico-sdk/sdk/2.0.0/lib/tinyusb/src/device/usbd_control.c.obj
 .text.tud_control_status
                0x1000543c       0x28 CMakeFiles/myproject.dir/home/andrew/.pico-sdk/sdk/2.0.0/lib/tinyusb/src/device/usbd_control.c.obj
                0x1000543c                tud_control_status
 .text.tud_control_xfer
                0x10005464       0x98 CMakeFiles/myproject.dir/home/andrew/.pico-sdk/sdk/2.0.0/lib/tinyusb/src/device/usbd_control.c.obj
                0x10005464                tud_control_xfer
 .text.usbd_control_reset
                0x100054fc       0x14 CMakeFiles/myproject.dir/home/andrew/.pico-sdk/sdk/2.0.0/lib/tinyusb/src/device/usbd_control.c.obj
                0x100054fc                usbd_control_reset
 .text.usbd_control_set_complete_callback
                0x10005510        0xc CMakeFiles/myproject.dir/home/andrew/.pico-sdk/sdk/2.0.0/lib/tinyusb/src/device/usbd_control.c.obj
                0x10005510                usbd_control_set_complete_callback
 .text.usbd_control_set_request
                0x1000551c       0x1c CMakeFiles/myproject.dir/home/andrew/.pico-sdk/sdk/2.0.0/lib/tinyusb/src/device/usbd_control.c.obj
                0x1000551c                usbd_control_set_request
 .text.usbd_control_xfer_cb
                0x10005538       0xe0 CMakeFiles/myproject.dir/home/andrew/.pico-sdk/sdk/2.0.0/lib/tinyusb/src/device/usbd_control.c.obj
                0x10005538                usbd_control_xfer_cb
 .text._prep_out_transaction
                0x10005618       0x72 CMakeFiles/myproject.dir/home/andrew/.pico-sdk/sdk/2.0.0/lib/tinyusb/src/class/cdc/cdc_device.c.obj
 *fill*         0x1000568a        0x2 
 .text.tud_cdc_n_connected
                0x1000568c       0x38 CMakeFiles/myproject.dir/home/andrew/.pico-sdk/sdk/2.0.0/lib/tinyusb/src/class/cdc/cdc_device.c.obj
                0x1000568c                tud_cdc_n_connected
 .text.tud_cdc_n_available
                0x100056c4       0x18 CMakeFiles/myproject.dir/home/andrew/.pico-sdk/sdk/2.0.0/lib/tinyusb/src/class/cdc/cdc_device.c.obj
                0x100056c4                tud_cdc_n_available
 .text.tud_cdc_n_read
                0x100056dc       0x38 CMakeFiles/myproject.dir/home/andrew/.pico-sdk/sdk/2.0.0/lib/tinyusb/src/class/cdc/cdc_device.c.obj
                0x100056dc                tud_cdc_n_read
 .text.tud_cdc_n_write_flush
                0x10005714       0xcc CMakeFiles/myproject.dir/home/andrew/.pico-sdk/sdk/2.0.0/lib/tinyusb/src/class/cdc/cdc_device.c.obj
                0x10005714                tud_cdc_n_write_flush
 .text.tud_cdc_n_write
                0x100057e0       0x48 CMakeFiles/myproject.dir/home/andrew/.pico-sdk/sdk/2.0.0/lib/tinyusb/src/class/cdc/cdc_device.c.obj
                0x100057e0                tud_cdc_n_write
 .text.tud_cdc_n_write_available
                0x10005828       0x1c CMakeFiles/myproject.dir/home/andrew/.pico-sdk/sdk/2.0.0/lib/tinyusb/src/class/cdc/cdc_device.c.obj
                0x10005828                tud_cdc_n_write_available
 .text.cdcd_init
                0x10005844       0xc0 CMakeFiles/myproject.dir/home/andrew/.pico-sdk/sdk/2.0.0/lib/tinyusb/src/class/cdc/cdc_device.c.obj
                0x10005844                cdcd_init
 .text.cdcd_deinit
                0x10005904       0x50 CMakeFiles/myproject.dir/home/andrew/.pico-sdk/sdk/2.0.0/lib/tinyusb/src/class/cdc/cdc_device.c.obj
                0x10005904                cdcd_deinit
 .text.cdcd_reset
                0x10005954       0x78 CMakeFiles/myproject.dir/home/andrew/.pico-sdk/sdk/2.0.0/lib/tinyusb/src/class/cdc/cdc_device.c.obj
                0x10005954                cdcd_reset
 .text.cdcd_open
                0x100059cc       0xf0 CMakeFiles/myproject.dir/home/andrew/.pico-sdk/sdk/2.0.0/lib/tinyusb/src/class/cdc/cdc_device.c.obj
                0x100059cc                cdcd_open
 .text.cdcd_control_xfer_cb
                0x10005abc      0x138 CMakeFiles/myproject.dir/home/andrew/.pico-sdk/sdk/2.0.0/lib/tinyusb/src/class/cdc/cdc_device.c.obj
                0x10005abc                cdcd_control_xfer_cb
 .text.cdcd_xfer_cb
                0x10005bf4      0x144 CMakeFiles/myproject.dir/home/andrew/.pico-sdk/sdk/2.0.0/lib/tinyusb/src/class/cdc/cdc_device.c.obj
                0x10005bf4                cdcd_xfer_cb
 .text._prep_out_transaction
                0x10005d38       0x3a CMakeFiles/myproject.dir/home/andrew/.pico-sdk/sdk/2.0.0/lib/tinyusb/src/class/vendor/vendor_device.c.obj
 *fill*         0x10005d72        0x2 
 .text.tud_vendor_n_write_flush
                0x10005d74       0xcc CMakeFiles/myproject.dir/home/andrew/.pico-sdk/sdk/2.0.0/lib/tinyusb/src/class/vendor/vendor_device.c.obj
                0x10005d74                tud_vendor_n_write_flush
 .text.vendord_init
                0x10005e40       0xa0 CMakeFiles/myproject.dir/home/andrew/.pico-sdk/sdk/2.0.0/lib/tinyusb/src/class/vendor/vendor_device.c.obj
                0x10005e40                vendord_init
 .text.vendord_deinit
                0x10005ee0       0x50 CMakeFiles/myproject.dir/home/andrew/.pico-sdk/sdk/2.0.0/lib/tinyusb/src/class/vendor/vendor_device.c.obj
                0x10005ee0                vendord_deinit
 .text.vendord_reset
                0x10005f30       0x38 CMakeFiles/myproject.dir/home/andrew/.pico-sdk/sdk/2.0.0/lib/tinyusb/src/class/vendor/vendor_device.c.obj
                0x10005f30                vendord_reset
 .text.vendord_open
                0x10005f68       0xd0 CMakeFiles/myproject.dir/home/andrew/.pico-sdk/sdk/2.0.0/lib/tinyusb/src/class/vendor/vendor_device.c.obj
                0x10005f68                vendord_open
 .text.vendord_xfer_cb
                0x10006038       0xc8 CMakeFiles/myproject.dir/home/andrew/.pico-sdk/sdk/2.0.0/lib/tinyusb/src/class/vendor/vendor_device.c.obj
                0x10006038                vendord_xfer_cb
 .text.tusb_init
                0x10006100       0x24 CMakeFiles/myproject.dir/home/andrew/.pico-sdk/sdk/2.0.0/lib/tinyusb/src/tusb.c.obj
                0x10006100                tusb_init
 .text.tu_edpt_claim
                0x10006124       0x50 CMakeFiles/myproject.dir/home/andrew/.pico-sdk/sdk/2.0.0/lib/tinyusb/src/tusb.c.obj
                0x10006124                tu_edpt_claim
 .text.tu_edpt_release
                0x10006174       0x38 CMakeFiles/myproject.dir/home/andrew/.pico-sdk/sdk/2.0.0/lib/tinyusb/src/tusb.c.obj
                0x10006174                tu_edpt_release
 .text.tu_edpt_validate
                0x100061ac       0xac CMakeFiles/myproject.dir/home/andrew/.pico-sdk/sdk/2.0.0/lib/tinyusb/src/tusb.c.obj
                0x100061ac                tu_edpt_validate
 .text.tu_edpt_bind_driver
                0x10006258       0x26 CMakeFiles/myproject.dir/home/andrew/.pico-sdk/sdk/2.0.0/lib/tinyusb/src/tusb.c.obj
                0x10006258                tu_edpt_bind_driver
 .text.advance_index
                0x1000627e       0x1a CMakeFiles/myproject.dir/home/andrew/.pico-sdk/sdk/2.0.0/lib/tinyusb/src/common/tusb_fifo.c.obj
 .text._tu_fifo_peek
                0x10006298       0x56 CMakeFiles/myproject.dir/home/andrew/.pico-sdk/sdk/2.0.0/lib/tinyusb/src/common/tusb_fifo.c.obj
 .text._ff_pull_n
                0x100062ee       0x68 CMakeFiles/myproject.dir/home/andrew/.pico-sdk/sdk/2.0.0/lib/tinyusb/src/common/tusb_fifo.c.obj
 .text._tu_fifo_peek_n
                0x10006356       0x6a CMakeFiles/myproject.dir/home/andrew/.pico-sdk/sdk/2.0.0/lib/tinyusb/src/common/tusb_fifo.c.obj
 .text._tu_fifo_read_n
                0x100063c0       0x4e CMakeFiles/myproject.dir/home/andrew/.pico-sdk/sdk/2.0.0/lib/tinyusb/src/common/tusb_fifo.c.obj
 .text._ff_push_n
                0x1000640e       0x68 CMakeFiles/myproject.dir/home/andrew/.pico-sdk/sdk/2.0.0/lib/tinyusb/src/common/tusb_fifo.c.obj
 .text._tu_fifo_write_n
                0x10006476       0xf0 CMakeFiles/myproject.dir/home/andrew/.pico-sdk/sdk/2.0.0/lib/tinyusb/src/common/tusb_fifo.c.obj
 .text.tu_fifo_config
                0x10006566       0x7c CMakeFiles/myproject.dir/home/andrew/.pico-sdk/sdk/2.0.0/lib/tinyusb/src/common/tusb_fifo.c.obj
                0x10006566                tu_fifo_config
 .text.tu_fifo_count
                0x100065e2       0x2a CMakeFiles/myproject.dir/home/andrew/.pico-sdk/sdk/2.0.0/lib/tinyusb/src/common/tusb_fifo.c.obj
                0x100065e2                tu_fifo_count
 .text.tu_fifo_empty
                0x1000660c        0xe CMakeFiles/myproject.dir/home/andrew/.pico-sdk/sdk/2.0.0/lib/tinyusb/src/common/tusb_fifo.c.obj
                0x1000660c                tu_fifo_empty
 .text.tu_fifo_full
                0x1000661a       0x28 CMakeFiles/myproject.dir/home/andrew/.pico-sdk/sdk/2.0.0/lib/tinyusb/src/common/tusb_fifo.c.obj
                0x1000661a                tu_fifo_full
 .text.tu_fifo_remaining
                0x10006642       0x2c CMakeFiles/myproject.dir/home/andrew/.pico-sdk/sdk/2.0.0/lib/tinyusb/src/common/tusb_fifo.c.obj
                0x10006642                tu_fifo_remaining
 .text.tu_fifo_read
                0x1000666e       0x42 CMakeFiles/myproject.dir/home/andrew/.pico-sdk/sdk/2.0.0/lib/tinyusb/src/common/tusb_fifo.c.obj
                0x1000666e                tu_fifo_read
 .text.tu_fifo_read_n
                0x100066b0        0xa CMakeFiles/myproject.dir/home/andrew/.pico-sdk/sdk/2.0.0/lib/tinyusb/src/common/tusb_fifo.c.obj
                0x100066b0                tu_fifo_read_n
 .text.tu_fifo_write
                0x100066ba       0x64 CMakeFiles/myproject.dir/home/andrew/.pico-sdk/sdk/2.0.0/lib/tinyusb/src/common/tusb_fifo.c.obj
                0x100066ba                tu_fifo_write
 .text.tu_fifo_write_n
                0x1000671e        0xa CMakeFiles/myproject.dir/home/andrew/.pico-sdk/sdk/2.0.0/lib/tinyusb/src/common/tusb_fifo.c.obj
                0x1000671e                tu_fifo_write_n
 .text.tu_fifo_clear
                0x10006728       0x3e CMakeFiles/myproject.dir/home/andrew/.pico-sdk/sdk/2.0.0/lib/tinyusb/src/common/tusb_fifo.c.obj
                0x10006728                tu_fifo_clear
 .text.tu_fifo_set_overwritable
                0x10006766       0x46 CMakeFiles/myproject.dir/home/andrew/.pico-sdk/sdk/2.0.0/lib/tinyusb/src/common/tusb_fifo.c.obj
                0x10006766                tu_fifo_set_overwritable
 .text.async_context_base_add_at_time_worker
                0x100067ac       0x1c CMakeFiles/myproject.dir/home/andrew/.pico-sdk/sdk/2.0.0/src/rp2_common/pico_async_context/async_context_base.c.obj
                0x100067ac                async_context_base_add_at_time_worker
 .text.async_context_base_remove_at_time_worker
                0x100067c8       0x1c CMakeFiles/myproject.dir/home/andrew/.pico-sdk/sdk/2.0.0/src/rp2_common/pico_async_context/async_context_base.c.obj
                0x100067c8                async_context_base_remove_at_time_worker
 .text.async_context_base_add_when_pending_worker
                0x100067e4       0x1c CMakeFiles/myproject.dir/home/andrew/.pico-sdk/sdk/2.0.0/src/rp2_common/pico_async_context/async_context_base.c.obj
                0x100067e4                async_context_base_add_when_pending_worker
 .text.async_context_base_remove_when_pending_worker
                0x10006800       0x1c CMakeFiles/myproject.dir/home/andrew/.pico-sdk/sdk/2.0.0/src/rp2_common/pico_async_context/async_context_base.c.obj
                0x10006800                async_context_base_remove_when_pending_worker
 .text.async_context_base_remove_ready_at_time_worker
                0x1000681c       0x7c CMakeFiles/myproject.dir/home/andrew/.pico-sdk/sdk/2.0.0/src/rp2_common/pico_async_context/async_context_base.c.obj
                0x1000681c                async_context_base_remove_ready_at_time_worker
 .text.async_context_base_refresh_next_timeout
                0x10006898       0x48 CMakeFiles/myproject.dir/home/andrew/.pico-sdk/sdk/2.0.0/src/rp2_common/pico_async_context/async_context_base.c.obj
                0x10006898                async_context_base_refresh_next_timeout
 .text.async_context_base_execute_once
                0x100068e0       0x40 CMakeFiles/myproject.dir/home/andrew/.pico-sdk/sdk/2.0.0/src/rp2_common/pico_async_context/async_context_base.c.obj
                0x100068e0                async_context_base_execute_once
 .text.async_context_base_needs_servicing
                0x10006920       0x50 CMakeFiles/myproject.dir/home/andrew/.pico-sdk/sdk/2.0.0/src/rp2_common/pico_async_context/async_context_base.c.obj
                0x10006920                async_context_base_needs_servicing
 .text.prvHeapInit
                0x10006970       0x58 CMakeFiles/myproject.dir/lib/freertos/portable/MemMang/heap_4.c.obj
 .text.prvInsertBlockIntoFreeList
                0x100069c8       0x88 CMakeFiles/myproject.dir/lib/freertos/portable/MemMang/heap_4.c.obj
 .text.pvPortMalloc
                0x10006a50      0x188 CMakeFiles/myproject.dir/lib/freertos/portable/MemMang/heap_4.c.obj
                0x10006a50                pvPortMalloc
 .text.vPortFree
                0x10006bd8       0xa4 CMakeFiles/myproject.dir/lib/freertos/portable/MemMang/heap_4.c.obj
                0x10006bd8                vPortFree
 .text.vPortSVCHandler
                0x10006c7c        0x2 CMakeFiles/myproject.dir/lib/freertos/portable/ThirdParty/GCC/RP2040/port.c.obj
                0x10006c7c                vPortSVCHandler
 *fill*         0x10006c7e        0x2 
 .text.vPortStartFirstTask
                0x10006c80       0x34 CMakeFiles/myproject.dir/lib/freertos/portable/ThirdParty/GCC/RP2040/port.c.obj
 *fill*         0x10006cb4        0xc 
 .text.xPortPendSVHandler
                0x10006cc0       0x64 CMakeFiles/myproject.dir/lib/freertos/portable/ThirdParty/GCC/RP2040/port.c.obj
                0x10006cc0                xPortPendSVHandler
 .text.prvTaskExitError
                0x10006d24        0x6 CMakeFiles/myproject.dir/lib/freertos/portable/ThirdParty/GCC/RP2040/port.c.obj
 *fill*         0x10006d2a        0x2 
 .text.prvFIFOInterruptHandler
                0x10006d2c       0x78 CMakeFiles/myproject.dir/lib/freertos/portable/ThirdParty/GCC/RP2040/port.c.obj
 .text.prvGetTicksToWaitBefore
                0x10006da4       0x40 CMakeFiles/myproject.dir/lib/freertos/portable/ThirdParty/GCC/RP2040/port.c.obj
 .text.pxPortInitialiseStack
                0x10006de4       0x24 CMakeFiles/myproject.dir/lib/freertos/portable/ThirdParty/GCC/RP2040/port.c.obj
                0x10006de4                pxPortInitialiseStack
 .text.vPortYield
                0x10006e08       0x40 CMakeFiles/myproject.dir/lib/freertos/portable/ThirdParty/GCC/RP2040/port.c.obj
                0x10006e08                vPortYield
 .text.vPortEnterCritical
                0x10006e48       0x18 CMakeFiles/myproject.dir/lib/freertos/portable/ThirdParty/GCC/RP2040/port.c.obj
                0x10006e48                vPortEnterCritical
 .text.vPortEnableInterrupts
                0x10006e60       0x28 CMakeFiles/myproject.dir/lib/freertos/portable/ThirdParty/GCC/RP2040/port.c.obj
                0x10006e60                vPortEnableInterrupts
 .text.vPortExitCritical
                0x10006e88       0x3c CMakeFiles/myproject.dir/lib/freertos/portable/ThirdParty/GCC/RP2040/port.c.obj
                0x10006e88                vPortExitCritical
 .text.ulSetInterruptMaskFromISR
                0x10006ec4        0x8 CMakeFiles/myproject.dir/lib/freertos/portable/ThirdParty/GCC/RP2040/port.c.obj
                0x10006ec4                ulSetInterruptMaskFromISR
 .text.vClearInterruptMaskFromISR
                0x10006ecc        0x6 CMakeFiles/myproject.dir/lib/freertos/portable/ThirdParty/GCC/RP2040/port.c.obj
                0x10006ecc                vClearInterruptMaskFromISR
 *fill*         0x10006ed2        0x2 
 .text.xPortSysTickHandler
                0x10006ed4       0x24 CMakeFiles/myproject.dir/lib/freertos/portable/ThirdParty/GCC/RP2040/port.c.obj
                0x10006ed4                xPortSysTickHandler
 .text.vPortSetupTimerInterrupt
                0x10006ef8       0x34 CMakeFiles/myproject.dir/lib/freertos/portable/ThirdParty/GCC/RP2040/port.c.obj
                0x10006ef8                vPortSetupTimerInterrupt
 .text.xPortStartScheduler
                0x10006f2c       0x9c CMakeFiles/myproject.dir/lib/freertos/portable/ThirdParty/GCC/RP2040/port.c.obj
                0x10006f2c                xPortStartScheduler
 .text.ulPortLockGetCurrentOwnerId
                0x10006fc8       0x2c CMakeFiles/myproject.dir/lib/freertos/portable/ThirdParty/GCC/RP2040/port.c.obj
                0x10006fc8                ulPortLockGetCurrentOwnerId
 .text.vPortLockInternalSpinUnlockWithWait
                0x10006ff4       0xc8 CMakeFiles/myproject.dir/lib/freertos/portable/ThirdParty/GCC/RP2040/port.c.obj
                0x10006ff4                vPortLockInternalSpinUnlockWithWait
 .text.vPortLockInternalSpinUnlockWithNotify
                0x100070bc       0xd0 CMakeFiles/myproject.dir/lib/freertos/portable/ThirdParty/GCC/RP2040/port.c.obj
                0x100070bc                vPortLockInternalSpinUnlockWithNotify
 .text.xPortLockInternalSpinUnlockWithBestEffortWaitOrTimeout
                0x1000718c      0x110 CMakeFiles/myproject.dir/lib/freertos/portable/ThirdParty/GCC/RP2040/port.c.obj
                0x1000718c                xPortLockInternalSpinUnlockWithBestEffortWaitOrTimeout
 .text.prvRuntimeInitializer
                0x1000729c       0x28 CMakeFiles/myproject.dir/lib/freertos/portable/ThirdParty/GCC/RP2040/port.c.obj
 .text.prvTestWaitCondition
                0x100072c4       0x1e CMakeFiles/myproject.dir/lib/freertos/event_groups.c.obj
 .text.xEventGroupCreate
                0x100072e2       0x18 CMakeFiles/myproject.dir/lib/freertos/event_groups.c.obj
                0x100072e2                xEventGroupCreate
 *fill*         0x100072fa        0x2 
 .text.xEventGroupWaitBits
                0x100072fc      0x120 CMakeFiles/myproject.dir/lib/freertos/event_groups.c.obj
                0x100072fc                xEventGroupWaitBits
 .text.xEventGroupSetBits
                0x1000741c       0x9c CMakeFiles/myproject.dir/lib/freertos/event_groups.c.obj
                0x1000741c                xEventGroupSetBits
 .text.vEventGroupSetBitsCallback
                0x100074b8        0x8 CMakeFiles/myproject.dir/lib/freertos/event_groups.c.obj
                0x100074b8                vEventGroupSetBitsCallback
 .text.xEventGroupSetBitsFromISR
                0x100074c0       0x18 CMakeFiles/myproject.dir/lib/freertos/event_groups.c.obj
                0x100074c0                xEventGroupSetBitsFromISR
 .text.vListInitialise
                0x100074d8       0x16 CMakeFiles/myproject.dir/lib/freertos/list.c.obj
                0x100074d8                vListInitialise
 .text.vListInitialiseItem
                0x100074ee        0x6 CMakeFiles/myproject.dir/lib/freertos/list.c.obj
                0x100074ee                vListInitialiseItem
 .text.vListInsert
                0x100074f4       0x2e CMakeFiles/myproject.dir/lib/freertos/list.c.obj
                0x100074f4                vListInsert
 .text.uxListRemove
                0x10007522       0x24 CMakeFiles/myproject.dir/lib/freertos/list.c.obj
                0x10007522                uxListRemove
 .text.prvIsQueueEmpty
                0x10007546       0x1c CMakeFiles/myproject.dir/lib/freertos/queue.c.obj
 .text.prvCopyDataToQueue
                0x10007562       0x7e CMakeFiles/myproject.dir/lib/freertos/queue.c.obj
 .text.prvCopyDataFromQueue
                0x100075e0       0x24 CMakeFiles/myproject.dir/lib/freertos/queue.c.obj
 .text.prvNotifyQueueSetContainer
                0x10007604       0xa8 CMakeFiles/myproject.dir/lib/freertos/queue.c.obj
 .text.prvUnlockQueue
                0x100076ac       0x88 CMakeFiles/myproject.dir/lib/freertos/queue.c.obj
 .text.xQueueGenericReset
                0x10007734       0xd8 CMakeFiles/myproject.dir/lib/freertos/queue.c.obj
                0x10007734                xQueueGenericReset
 .text.prvInitialiseNewQueue
                0x1000780c       0x26 CMakeFiles/myproject.dir/lib/freertos/queue.c.obj
 *fill*         0x10007832        0x2 
 .text.xQueueGenericCreate
                0x10007834       0x90 CMakeFiles/myproject.dir/lib/freertos/queue.c.obj
                0x10007834                xQueueGenericCreate
 .text.xQueueGenericSendFromISR
                0x100078c4      0x13c CMakeFiles/myproject.dir/lib/freertos/queue.c.obj
                0x100078c4                xQueueGenericSendFromISR
 .text.xQueueReceive
                0x10007a00      0x150 CMakeFiles/myproject.dir/lib/freertos/queue.c.obj
                0x10007a00                xQueueReceive
 .text.vQueueAddToRegistry
                0x10007b50       0x68 CMakeFiles/myproject.dir/lib/freertos/queue.c.obj
                0x10007b50                vQueueAddToRegistry
 .text.vQueueWaitForMessageRestricted
                0x10007bb8       0x50 CMakeFiles/myproject.dir/lib/freertos/queue.c.obj
                0x10007bb8                vQueueWaitForMessageRestricted
 .text.prvResetNextTaskUnblockTime
                0x10007c08       0x2c CMakeFiles/myproject.dir/lib/freertos/tasks.c.obj
 .text.prvDeleteTCB
                0x10007c34       0x12 CMakeFiles/myproject.dir/lib/freertos/tasks.c.obj
 *fill*         0x10007c46        0x2 
 .text.prvInitialiseNewTask
                0x10007c48       0xb0 CMakeFiles/myproject.dir/lib/freertos/tasks.c.obj
 .text.prvCreateTask
                0x10007cf8       0x56 CMakeFiles/myproject.dir/lib/freertos/tasks.c.obj
 *fill*         0x10007d4e        0x2 
 .text.prvInitialiseTaskLists
                0x10007d50       0x68 CMakeFiles/myproject.dir/lib/freertos/tasks.c.obj
 .text.prvAddNewTaskToReadyList
                0x10007db8       0xc4 CMakeFiles/myproject.dir/lib/freertos/tasks.c.obj
 .text.prvCheckTasksWaitingTermination
                0x10007e7c       0x44 CMakeFiles/myproject.dir/lib/freertos/tasks.c.obj
 .text.prvIdleTask
                0x10007ec0       0x18 CMakeFiles/myproject.dir/lib/freertos/tasks.c.obj
 .text.prvAddCurrentTaskToDelayedList
                0x10007ed8       0xa8 CMakeFiles/myproject.dir/lib/freertos/tasks.c.obj
 .text.xTaskCreate
                0x10007f80       0x24 CMakeFiles/myproject.dir/lib/freertos/tasks.c.obj
                0x10007f80                xTaskCreate
 .text.prvCreateIdleTasks
                0x10007fa4       0x54 CMakeFiles/myproject.dir/lib/freertos/tasks.c.obj
 .text.vTaskStartScheduler
                0x10007ff8       0x64 CMakeFiles/myproject.dir/lib/freertos/tasks.c.obj
                0x10007ff8                vTaskStartScheduler
 .text.vTaskSuspendAll
                0x1000805c       0x10 CMakeFiles/myproject.dir/lib/freertos/tasks.c.obj
                0x1000805c                vTaskSuspendAll
 .text.xTaskGetTickCount
                0x1000806c        0xc CMakeFiles/myproject.dir/lib/freertos/tasks.c.obj
                0x1000806c                xTaskGetTickCount
 .text.uxTaskGetNumberOfTasks
                0x10008078        0xc CMakeFiles/myproject.dir/lib/freertos/tasks.c.obj
                0x10008078                uxTaskGetNumberOfTasks
 .text.xTaskIncrementTick
                0x10008084      0x17c CMakeFiles/myproject.dir/lib/freertos/tasks.c.obj
                0x10008084                xTaskIncrementTick
 .text.xTaskResumeAll
                0x10008200      0x160 CMakeFiles/myproject.dir/lib/freertos/tasks.c.obj
                0x10008200                xTaskResumeAll
 .text.vTaskDelay
                0x10008360       0x48 CMakeFiles/myproject.dir/lib/freertos/tasks.c.obj
                0x10008360                vTaskDelay
 .text.vTaskSwitchContext
                0x100083a8       0xa8 CMakeFiles/myproject.dir/lib/freertos/tasks.c.obj
                0x100083a8                vTaskSwitchContext
 .text.vTaskPlaceOnEventList
                0x10008450       0x3c CMakeFiles/myproject.dir/lib/freertos/tasks.c.obj
                0x10008450                vTaskPlaceOnEventList
 .text.vTaskPlaceOnUnorderedEventList
                0x1000848c       0x80 CMakeFiles/myproject.dir/lib/freertos/tasks.c.obj
                0x1000848c                vTaskPlaceOnUnorderedEventList
 .text.vTaskPlaceOnEventListRestricted
                0x1000850c       0x60 CMakeFiles/myproject.dir/lib/freertos/tasks.c.obj
                0x1000850c                vTaskPlaceOnEventListRestricted
 .text.xTaskRemoveFromEventList
                0x1000856c      0x100 CMakeFiles/myproject.dir/lib/freertos/tasks.c.obj
                0x1000856c                xTaskRemoveFromEventList
 .text.vTaskRemoveFromUnorderedEventList
                0x1000866c       0xf4 CMakeFiles/myproject.dir/lib/freertos/tasks.c.obj
                0x1000866c                vTaskRemoveFromUnorderedEventList
 .text.vTaskInternalSetTimeOutState
                0x10008760       0x18 CMakeFiles/myproject.dir/lib/freertos/tasks.c.obj
                0x10008760                vTaskInternalSetTimeOutState
 .text.xTaskCheckForTimeOut
                0x10008778       0xb4 CMakeFiles/myproject.dir/lib/freertos/tasks.c.obj
                0x10008778                xTaskCheckForTimeOut
 .text.vTaskMissedYield
                0x1000882c        0xc CMakeFiles/myproject.dir/lib/freertos/tasks.c.obj
                0x1000882c                vTaskMissedYield
 .text.xTaskGetCurrentTaskHandle
                0x10008838        0xc CMakeFiles/myproject.dir/lib/freertos/tasks.c.obj
                0x10008838                xTaskGetCurrentTaskHandle
 .text.xTaskGetSchedulerState
                0x10008844       0x24 CMakeFiles/myproject.dir/lib/freertos/tasks.c.obj
                0x10008844                xTaskGetSchedulerState
 .text.xTaskPriorityDisinherit
                0x10008868       0xc0 CMakeFiles/myproject.dir/lib/freertos/tasks.c.obj
                0x10008868                xTaskPriorityDisinherit
 .text.uxTaskResetEventItemValue
                0x10008928       0x18 CMakeFiles/myproject.dir/lib/freertos/tasks.c.obj
                0x10008928                uxTaskResetEventItemValue
 .text.prvGetNextExpireTime
                0x10008940       0x24 CMakeFiles/myproject.dir/lib/freertos/timers.c.obj
 .text.prvInsertTimerInActiveList
                0x10008964       0x48 CMakeFiles/myproject.dir/lib/freertos/timers.c.obj
 .text.prvReloadTimer
                0x100089ac       0x28 CMakeFiles/myproject.dir/lib/freertos/timers.c.obj
 .text.prvProcessExpiredTimer
                0x100089d4       0x3c CMakeFiles/myproject.dir/lib/freertos/timers.c.obj
 .text.prvSwitchTimerLists
                0x10008a10       0x30 CMakeFiles/myproject.dir/lib/freertos/timers.c.obj
 .text.prvSampleTimeNow
                0x10008a40       0x2c CMakeFiles/myproject.dir/lib/freertos/timers.c.obj
 .text.prvProcessTimerOrBlockTask
                0x10008a6c       0x70 CMakeFiles/myproject.dir/lib/freertos/timers.c.obj
 .text.prvProcessReceivedCommands
                0x10008adc      0x10c CMakeFiles/myproject.dir/lib/freertos/timers.c.obj
 .text.prvTimerTask
                0x10008be8       0x16 CMakeFiles/myproject.dir/lib/freertos/timers.c.obj
 *fill*         0x10008bfe        0x2 
 .text.prvCheckForValidListAndQueue
                0x10008c00       0x60 CMakeFiles/myproject.dir/lib/freertos/timers.c.obj
 .text.xTimerCreateTimerTask
                0x10008c60       0x58 CMakeFiles/myproject.dir/lib/freertos/timers.c.obj
                0x10008c60                xTimerCreateTimerTask
 .text.xTimerPendFunctionCallFromISR
                0x10008cb8       0x28 CMakeFiles/myproject.dir/lib/freertos/timers.c.obj
                0x10008cb8                xTimerPendFunctionCallFromISR
 .text.exception_is_compile_time_default
                0x10008ce0       0x20 CMakeFiles/myproject.dir/home/andrew/.pico-sdk/sdk/2.0.0/src/rp2_common/hardware_exception/exception.c.obj
 .text.set_raw_exception_handler_and_restore_interrupts
                0x10008d00       0x18 CMakeFiles/myproject.dir/home/andrew/.pico-sdk/sdk/2.0.0/src/rp2_common/hardware_exception/exception.c.obj
 .text.exception_get_vtable_handler
                0x10008d18       0x10 CMakeFiles/myproject.dir/home/andrew/.pico-sdk/sdk/2.0.0/src/rp2_common/hardware_exception/exception.c.obj
                0x10008d18                exception_get_vtable_handler
 .text.exception_set_exclusive_handler
                0x10008d28       0x44 CMakeFiles/myproject.dir/home/andrew/.pico-sdk/sdk/2.0.0/src/rp2_common/hardware_exception/exception.c.obj
                0x10008d28                exception_set_exclusive_handler
 .text.cyw43_arch_set_async_context
                0x10008d6c        0xc CMakeFiles/myproject.dir/home/andrew/.pico-sdk/sdk/2.0.0/src/rp2_common/pico_cyw43_arch/cyw43_arch.c.obj
                0x10008d6c                cyw43_arch_set_async_context
 .text.cyw43_arch_gpio_put
                0x10008d78       0x14 CMakeFiles/myproject.dir/home/andrew/.pico-sdk/sdk/2.0.0/src/rp2_common/pico_cyw43_arch/cyw43_arch.c.obj
                0x10008d78                cyw43_arch_gpio_put
 .text.cyw43_arch_async_context
                0x10008d8c        0xc CMakeFiles/myproject.dir/home/andrew/.pico-sdk/sdk/2.0.0/src/rp2_common/pico_cyw43_arch/cyw43_arch.c.obj
                0x10008d8c                cyw43_arch_async_context
 .text.cyw43_arch_init_default_async_context
                0x10008d98       0x20 CMakeFiles/myproject.dir/home/andrew/.pico-sdk/sdk/2.0.0/src/rp2_common/pico_cyw43_arch/cyw43_arch_threadsafe_background.c.obj
                0x10008d98                cyw43_arch_init_default_async_context
 .text.cyw43_arch_deinit
                0x10008db8       0x28 CMakeFiles/myproject.dir/home/andrew/.pico-sdk/sdk/2.0.0/src/rp2_common/pico_cyw43_arch/cyw43_arch_threadsafe_background.c.obj
                0x10008db8                cyw43_arch_deinit
 .text.cyw43_arch_init
                0x10008de0       0x36 CMakeFiles/myproject.dir/home/andrew/.pico-sdk/sdk/2.0.0/src/rp2_common/pico_cyw43_arch/cyw43_arch_threadsafe_background.c.obj
                0x10008de0                cyw43_arch_init
 .text.pio_get_default_sm_config
                0x10008e16       0x28 CMakeFiles/myproject.dir/home/andrew/.pico-sdk/sdk/2.0.0/src/rp2_common/pico_cyw43_driver/cyw43_bus_pio_spi.c.obj
 *fill*         0x10008e3e        0x2 
 .text.spi_gap01_sample0_program_get_default_config
                0x10008e40       0x3c CMakeFiles/myproject.dir/home/andrew/.pico-sdk/sdk/2.0.0/src/rp2_common/pico_cyw43_driver/cyw43_bus_pio_spi.c.obj
 .text.cs_set   0x10008e7c       0x1c CMakeFiles/myproject.dir/home/andrew/.pico-sdk/sdk/2.0.0/src/rp2_common/pico_cyw43_driver/cyw43_bus_pio_spi.c.obj
 .text.channel_config_set_chain_to
                0x10008e98       0x30 CMakeFiles/myproject.dir/home/andrew/.pico-sdk/sdk/2.0.0/src/rp2_common/pico_cyw43_driver/cyw43_bus_pio_spi.c.obj
 .text.dma_channel_get_default_config
                0x10008ec8       0x74 CMakeFiles/myproject.dir/home/andrew/.pico-sdk/sdk/2.0.0/src/rp2_common/pico_cyw43_driver/cyw43_bus_pio_spi.c.obj
 .text.channel_config_set_dreq
                0x10008f3c       0x30 CMakeFiles/myproject.dir/home/andrew/.pico-sdk/sdk/2.0.0/src/rp2_common/pico_cyw43_driver/cyw43_bus_pio_spi.c.obj
 .text.start_spi_comms
                0x10008f6c       0x2c CMakeFiles/myproject.dir/home/andrew/.pico-sdk/sdk/2.0.0/src/rp2_common/pico_cyw43_driver/cyw43_bus_pio_spi.c.obj
 .text.ns_delay
                0x10008f98       0x20 CMakeFiles/myproject.dir/home/andrew/.pico-sdk/sdk/2.0.0/src/rp2_common/pico_cyw43_driver/cyw43_bus_pio_spi.c.obj
 .text.stop_spi_comms
                0x10008fb8       0x10 CMakeFiles/myproject.dir/home/andrew/.pico-sdk/sdk/2.0.0/src/rp2_common/pico_cyw43_driver/cyw43_bus_pio_spi.c.obj
 .text.cyw43_spi_deinit
                0x10008fc8       0x74 CMakeFiles/myproject.dir/home/andrew/.pico-sdk/sdk/2.0.0/src/rp2_common/pico_cyw43_driver/cyw43_bus_pio_spi.c.obj
                0x10008fc8                cyw43_spi_deinit
 .text.cyw43_spi_init
                0x1000903c      0x23c CMakeFiles/myproject.dir/home/andrew/.pico-sdk/sdk/2.0.0/src/rp2_common/pico_cyw43_driver/cyw43_bus_pio_spi.c.obj
                0x1000903c                cyw43_spi_init
 .text.cyw43_spi_transfer
                0x10009278      0x568 CMakeFiles/myproject.dir/home/andrew/.pico-sdk/sdk/2.0.0/src/rp2_common/pico_cyw43_driver/cyw43_bus_pio_spi.c.obj
                0x10009278                cyw43_spi_transfer
 .text._cyw43_read_reg
                0x100097e0       0x50 CMakeFiles/myproject.dir/home/andrew/.pico-sdk/sdk/2.0.0/src/rp2_common/pico_cyw43_driver/cyw43_bus_pio_spi.c.obj
 .text._cyw43_write_reg
                0x10009830       0x58 CMakeFiles/myproject.dir/home/andrew/.pico-sdk/sdk/2.0.0/src/rp2_common/pico_cyw43_driver/cyw43_bus_pio_spi.c.obj
 .text.cyw43_spi_gpio_setup
                0x10009888       0x3a CMakeFiles/myproject.dir/home/andrew/.pico-sdk/sdk/2.0.0/src/rp2_common/pico_cyw43_driver/cyw43_bus_pio_spi.c.obj
                0x10009888                cyw43_spi_gpio_setup
 .text.cyw43_spi_reset
                0x100098c2       0x28 CMakeFiles/myproject.dir/home/andrew/.pico-sdk/sdk/2.0.0/src/rp2_common/pico_cyw43_driver/cyw43_bus_pio_spi.c.obj
                0x100098c2                cyw43_spi_reset
 *fill*         0x100098ea        0x2 
 .text.read_reg_u32_swap
                0x100098ec       0x68 CMakeFiles/myproject.dir/home/andrew/.pico-sdk/sdk/2.0.0/src/rp2_common/pico_cyw43_driver/cyw43_bus_pio_spi.c.obj
                0x100098ec                read_reg_u32_swap
 .text.cyw43_read_reg_u32
                0x10009954        0xa CMakeFiles/myproject.dir/home/andrew/.pico-sdk/sdk/2.0.0/src/rp2_common/pico_cyw43_driver/cyw43_bus_pio_spi.c.obj
                0x10009954                cyw43_read_reg_u32
 .text.cyw43_read_reg_u16
                0x1000995e        0xa CMakeFiles/myproject.dir/home/andrew/.pico-sdk/sdk/2.0.0/src/rp2_common/pico_cyw43_driver/cyw43_bus_pio_spi.c.obj
                0x1000995e                cyw43_read_reg_u16
 .text.cyw43_read_reg_u8
                0x10009968        0xa CMakeFiles/myproject.dir/home/andrew/.pico-sdk/sdk/2.0.0/src/rp2_common/pico_cyw43_driver/cyw43_bus_pio_spi.c.obj
                0x10009968                cyw43_read_reg_u8
 *fill*         0x10009972        0x2 
 .text.write_reg_u32_swap
                0x10009974       0x34 CMakeFiles/myproject.dir/home/andrew/.pico-sdk/sdk/2.0.0/src/rp2_common/pico_cyw43_driver/cyw43_bus_pio_spi.c.obj
                0x10009974                write_reg_u32_swap
 .text.cyw43_write_reg_u32
                0x100099a8       0x10 CMakeFiles/myproject.dir/home/andrew/.pico-sdk/sdk/2.0.0/src/rp2_common/pico_cyw43_driver/cyw43_bus_pio_spi.c.obj
                0x100099a8                cyw43_write_reg_u32
 .text.cyw43_write_reg_u16
                0x100099b8       0x10 CMakeFiles/myproject.dir/home/andrew/.pico-sdk/sdk/2.0.0/src/rp2_common/pico_cyw43_driver/cyw43_bus_pio_spi.c.obj
                0x100099b8                cyw43_write_reg_u16
 .text.cyw43_write_reg_u8
                0x100099c8       0x10 CMakeFiles/myproject.dir/home/andrew/.pico-sdk/sdk/2.0.0/src/rp2_common/pico_cyw43_driver/cyw43_bus_pio_spi.c.obj
                0x100099c8                cyw43_write_reg_u8
 .text.cyw43_read_bytes
                0x100099d8      0x100 CMakeFiles/myproject.dir/home/andrew/.pico-sdk/sdk/2.0.0/src/rp2_common/pico_cyw43_driver/cyw43_bus_pio_spi.c.obj
                0x100099d8                cyw43_read_bytes
 .text.cyw43_write_bytes
                0x10009ad8      0x124 CMakeFiles/myproject.dir/home/andrew/.pico-sdk/sdk/2.0.0/src/rp2_common/pico_cyw43_driver/cyw43_bus_pio_spi.c.obj
                0x10009ad8                cyw43_write_bytes
 .text.get_core_address
                0x10009bfc       0x1c CMakeFiles/myproject.dir/home/andrew/.pico-sdk/sdk/2.0.0/lib/cyw43-driver/src/cyw43_ll.c.obj
 .text.sdpcm_process_rx_packet
                0x10009c18      0x180 CMakeFiles/myproject.dir/home/andrew/.pico-sdk/sdk/2.0.0/lib/cyw43-driver/src/cyw43_ll.c.obj
 .text.cyw43_ll_wifi_parse_scan_result
                0x10009d98       0x9c CMakeFiles/myproject.dir/home/andrew/.pico-sdk/sdk/2.0.0/lib/cyw43-driver/src/cyw43_ll.c.obj
 .text.cyw43_ll_parse_async_event
                0x10009e34       0x8a CMakeFiles/myproject.dir/home/andrew/.pico-sdk/sdk/2.0.0/lib/cyw43-driver/src/cyw43_ll.c.obj
 *fill*         0x10009ebe        0x2 
 .text.cyw43_kso_set
                0x10009ec0       0x98 CMakeFiles/myproject.dir/home/andrew/.pico-sdk/sdk/2.0.0/lib/cyw43-driver/src/cyw43_ll.c.obj
 .text.cyw43_ll_bus_sleep_helper
                0x10009f58        0xe CMakeFiles/myproject.dir/home/andrew/.pico-sdk/sdk/2.0.0/lib/cyw43-driver/src/cyw43_ll.c.obj
 *fill*         0x10009f66        0x2 
 .text.cyw43_read_reg